Product: MDK-ARM Standard 5.10
Component: ARM Compiler 5.04 update 1 (build 49)
Tool: armlink [5040049]

==============================================================================

Section Cross References

    startup_stm32f10x_md.o(STACK) refers (Special) to heapauxi.o(.text) for __use_two_region_memory
    startup_stm32f10x_md.o(HEAP) refers (Special) to heapauxi.o(.text) for __use_two_region_memory
    startup_stm32f10x_md.o(RESET) refers (Special) to heapauxi.o(.text) for __use_two_region_memory
    startup_stm32f10x_md.o(RESET) refers to startup_stm32f10x_md.o(STACK) for __initial_sp
    startup_stm32f10x_md.o(RESET) refers to startup_stm32f10x_md.o(.text) for Reset_Handler
    startup_stm32f10x_md.o(RESET) refers to stm32f10x_it.o(i.NMI_Handler) for NMI_Handler
    startup_stm32f10x_md.o(RESET) refers to stm32f10x_it.o(i.HardFault_Handler) for HardFault_Handler
    startup_stm32f10x_md.o(RESET) refers to stm32f10x_it.o(i.MemManage_Handler) for MemManage_Handler
    startup_stm32f10x_md.o(RESET) refers to stm32f10x_it.o(i.BusFault_Handler) for BusFault_Handler
    startup_stm32f10x_md.o(RESET) refers to stm32f10x_it.o(i.UsageFault_Handler) for UsageFault_Handler
    startup_stm32f10x_md.o(RESET) refers to port.o(.emb_text) for SVC_Handler
    startup_stm32f10x_md.o(RESET) refers to stm32f10x_it.o(i.DebugMon_Handler) for DebugMon_Handler
    startup_stm32f10x_md.o(RESET) refers to port.o(i.SysTick_Handler) for SysTick_Handler
    startup_stm32f10x_md.o(RESET) refers to usart.o(i.USART1_IRQHandler) for USART1_IRQHandler
    startup_stm32f10x_md.o(.text) refers (Special) to heapauxi.o(.text) for __use_two_region_memory
    startup_stm32f10x_md.o(.text) refers to system_stm32f10x.o(i.SystemInit) for SystemInit
    startup_stm32f10x_md.o(.text) refers to __main.o(!!!main) for __main
    startup_stm32f10x_md.o(.text) refers to startup_stm32f10x_md.o(HEAP) for Heap_Mem
    startup_stm32f10x_md.o(.text) refers to startup_stm32f10x_md.o(STACK) for Stack_Mem
    system_stm32f10x.o(i.SetSysClock) refers to system_stm32f10x.o(i.SetSysClockTo72) for SetSysClockTo72
    system_stm32f10x.o(i.SystemCoreClockUpdate) refers to system_stm32f10x.o(.data) for SystemCoreClock
    system_stm32f10x.o(i.SystemInit) refers to system_stm32f10x.o(i.SetSysClock) for SetSysClock
    stm32f10x_adc.o(i.ADC_DeInit) refers to stm32f10x_rcc.o(i.RCC_APB2PeriphResetCmd) for RCC_APB2PeriphResetCmd
    stm32f10x_bkp.o(i.BKP_DeInit) refers to stm32f10x_rcc.o(i.RCC_BackupResetCmd) for RCC_BackupResetCmd
    stm32f10x_can.o(i.CAN_DeInit) refers to stm32f10x_rcc.o(i.RCC_APB1PeriphResetCmd) for RCC_APB1PeriphResetCmd
    stm32f10x_can.o(i.CAN_GetITStatus) refers to stm32f10x_can.o(i.CheckITStatus) for CheckITStatus
    stm32f10x_cec.o(i.CEC_DeInit) refers to stm32f10x_rcc.o(i.RCC_APB1PeriphResetCmd) for RCC_APB1PeriphResetCmd
    stm32f10x_dac.o(i.DAC_DeInit) refers to stm32f10x_rcc.o(i.RCC_APB1PeriphResetCmd) for RCC_APB1PeriphResetCmd
    stm32f10x_flash.o(i.FLASH_EnableWriteProtection) refers to stm32f10x_flash.o(i.FLASH_WaitForLastOperation) for FLASH_WaitForLastOperation
    stm32f10x_flash.o(i.FLASH_EraseAllBank1Pages) refers to stm32f10x_flash.o(i.FLASH_WaitForLastBank1Operation) for FLASH_WaitForLastBank1Operation
    stm32f10x_flash.o(i.FLASH_EraseAllPages) refers to stm32f10x_flash.o(i.FLASH_WaitForLastOperation) for FLASH_WaitForLastOperation
    stm32f10x_flash.o(i.FLASH_EraseOptionBytes) refers to stm32f10x_flash.o(i.FLASH_GetReadOutProtectionStatus) for FLASH_GetReadOutProtectionStatus
    stm32f10x_flash.o(i.FLASH_EraseOptionBytes) refers to stm32f10x_flash.o(i.FLASH_WaitForLastOperation) for FLASH_WaitForLastOperation
    stm32f10x_flash.o(i.FLASH_ErasePage) refers to stm32f10x_flash.o(i.FLASH_WaitForLastOperation) for FLASH_WaitForLastOperation
    stm32f10x_flash.o(i.FLASH_ProgramHalfWord) refers to stm32f10x_flash.o(i.FLASH_WaitForLastOperation) for FLASH_WaitForLastOperation
    stm32f10x_flash.o(i.FLASH_ProgramOptionByteData) refers to stm32f10x_flash.o(i.FLASH_WaitForLastOperation) for FLASH_WaitForLastOperation
    stm32f10x_flash.o(i.FLASH_ProgramWord) refers to stm32f10x_flash.o(i.FLASH_WaitForLastOperation) for FLASH_WaitForLastOperation
    stm32f10x_flash.o(i.FLASH_ReadOutProtection) refers to stm32f10x_flash.o(i.FLASH_WaitForLastOperation) for FLASH_WaitForLastOperation
    stm32f10x_flash.o(i.FLASH_UserOptionByteConfig) refers to stm32f10x_flash.o(i.FLASH_WaitForLastOperation) for FLASH_WaitForLastOperation
    stm32f10x_flash.o(i.FLASH_WaitForLastBank1Operation) refers to stm32f10x_flash.o(i.FLASH_GetBank1Status) for FLASH_GetBank1Status
    stm32f10x_flash.o(i.FLASH_WaitForLastOperation) refers to stm32f10x_flash.o(i.FLASH_GetBank1Status) for FLASH_GetBank1Status
    stm32f10x_gpio.o(i.GPIO_AFIODeInit) refers to stm32f10x_rcc.o(i.RCC_APB2PeriphResetCmd) for RCC_APB2PeriphResetCmd
    stm32f10x_gpio.o(i.GPIO_DeInit) refers to stm32f10x_rcc.o(i.RCC_APB2PeriphResetCmd) for RCC_APB2PeriphResetCmd
[...]
    i.pxPortInitialiseStack                  0x08003f5c   Section        0  port.o(i.pxPortInitialiseStack)
    i.sqrtf                                  0x08003f80   Section        0  sqrtf.o(i.sqrtf)
    i.uxListRemove                           0x08003fac   Section        0  list.o(i.uxListRemove)
    i.vListInitialise                        0x08003fd4   Section        0  list.o(i.vListInitialise)
    i.vListInitialiseItem                    0x08003fee   Section        0  list.o(i.vListInitialiseItem)
    i.vListInsert                            0x08003ff4   Section        0  list.o(i.vListInsert)
    i.vListInsertEnd                         0x08004028   Section        0  list.o(i.vListInsertEnd)
    i.vPortEnterCritical                     0x08004040   Section        0  port.o(i.vPortEnterCritical)
    i.vPortExitCritical                      0x08004064   Section        0  port.o(i.vPortExitCritical)
    i.vPortFree                              0x08004084   Section        0  heap_4.o(i.vPortFree)
    i.vPortSetupTimerInterrupt               0x080040d0   Section        0  port.o(i.vPortSetupTimerInterrupt)
    i.vTaskDelay                             0x080040e8   Section        0  tasks.o(i.vTaskDelay)
    i.vTaskDelete                            0x0800411c   Section        0  tasks.o(i.vTaskDelete)
    i.vTaskStartScheduler                    0x080041fc   Section        0  tasks.o(i.vTaskStartScheduler)
    i.vTaskSuspendAll                        0x08004248   Section        0  tasks.o(i.vTaskSuspendAll)
    i.vTaskSwitchContext                     0x08004258   Section        0  tasks.o(i.vTaskSwitchContext)
    i.xPortStartScheduler                    0x080042bc   Section        0  port.o(i.xPortStartScheduler)
    i.xTaskCreate                            0x080042f0   Section        0  tasks.o(i.xTaskCreate)
    i.xTaskIncrementTick                     0x08004328   Section        0  tasks.o(i.xTaskIncrementTick)
    i.xTaskResumeAll                         0x080044c8   Section        0  tasks.o(i.xTaskResumeAll)
    locale$$code                             0x08004644   Section       44  lc_numeric_c.o(locale$$code)
    locale$$code                             0x08004670   Section       44  lc_ctype_c.o(locale$$code)
    x$fpl$d2f                                0x0800469c   Section       98  d2f.o(x$fpl$d2f)
    x$fpl$dadd                               0x08004700   Section      336  daddsub_clz.o(x$fpl$dadd)
    _dadd1                                   0x08004711   Thumb Code     0  daddsub_clz.o(x$fpl$dadd)
    x$fpl$dcmpinf                            0x08004850   Section       24  dcmpi.o(x$fpl$dcmpinf)
    x$fpl$ddiv                               0x08004868   Section      688  ddiv.o(x$fpl$ddiv)
    ddiv_entry                               0x0800486f   Thumb Code     0  ddiv.o(x$fpl$ddiv)
    x$fpl$deqf                               0x08004b18   Section      120  deqf.o(x$fpl$deqf)
    x$fpl$dfix                               0x08004b90   Section       94  dfix.o(x$fpl$dfix)
    x$fpl$dflt                               0x08004bee   Section       46  dflt_clz.o(x$fpl$dflt)
    x$fpl$dleqf                              0x08004c1c   Section      120  dleqf.o(x$fpl$dleqf)
    x$fpl$dmul                               0x08004c94   Section      340  dmul.o(x$fpl$dmul)
    x$fpl$dnaninf                            0x08004de8   Section      156  dnaninf.o(x$fpl$dnaninf)
    x$fpl$dretinf                            0x08004e84   Section       12  dretinf.o(x$fpl$dretinf)
    x$fpl$drleqf                             0x08004e90   Section      108  drleqf.o(x$fpl$drleqf)
    x$fpl$drsb                               0x08004efc   Section       22  daddsub_clz.o(x$fpl$drsb)
    x$fpl$dsub                               0x08004f14   Section      468  daddsub_clz.o(x$fpl$dsub)
    _dsub1                                   0x08004f25   Thumb Code     0  daddsub_clz.o(x$fpl$dsub)
    x$fpl$f2d                                0x080050e8   Section       86  f2d.o(x$fpl$f2d)
    x$fpl$fadd                               0x08005140   Section      196  faddsub_clz.o(x$fpl$fadd)
    _fadd1                                   0x0800514f   Thumb Code     0  faddsub_clz.o(x$fpl$fadd)
    x$fpl$fcmpinf                            0x08005204   Section       24  fcmpi.o(x$fpl$fcmpinf)
    x$fpl$fdiv                               0x0800521c   Section      388  fdiv.o(x$fpl$fdiv)
    _fdiv1                                   0x0800521d   Thumb Code     0  fdiv.o(x$fpl$fdiv)
    x$fpl$ffix                               0x080053a0   Section       54  ffix.o(x$fpl$ffix)
    x$fpl$ffixu                              0x080053d8   Section       62  ffixu.o(x$fpl$ffixu)
    x$fpl$fflt                               0x08005418   Section       48  fflt_clz.o(x$fpl$fflt)
    x$fpl$ffltu                              0x08005448   Section       38  fflt_clz.o(x$fpl$ffltu)
    x$fpl$fleqf                              0x08005470   Section      104  fleqf.o(x$fpl$fleqf)
    x$fpl$fmul                               0x080054d8   Section      258  fmul.o(x$fpl$fmul)
    x$fpl$fnaninf                            0x080055da   Section      140  fnaninf.o(x$fpl$fnaninf)
    x$fpl$fretinf                            0x08005666   Section       10  fretinf.o(x$fpl$fretinf)
    x$fpl$fsqrt                              0x08005670   Section      272  fsqrt.o(x$fpl$fsqrt)
    x$fpl$fsub                               0x08005780   Section      234  faddsub_clz.o(x$fpl$fsub)
    _fsub1                                   0x0800578f   Thumb Code     0  faddsub_clz.o(x$fpl$fsub)
    x$fpl$printf1                            0x0800586a   Section        4  printf1.o(x$fpl$printf1)
    x$fpl$printf2                            0x0800586e   Section        4  printf2.o(x$fpl$printf2)
    x$fpl$usenofp                            0x08005872   Section        0  usenofp.o(x$fpl$usenofp)
    .constdata                               0x08005878   Section      808  algorithm.o(.constdata)
    XSinTbl                                  0x08005878   Data         808  algorithm.o(.constdata)
    .constdata                               0x08005ba0   Section     1520  oled.o(.constdata)
    .constdata                               0x08006190   Section        8  _printf_wctomb.o(.constdata)
    initial_mbstate                          0x08006190   Data           8  _printf_wctomb.o(.constdata)
    .constdata                               0x08006198   Section       40  _printf_hex_int_ll_ptr.o(.constdata)
    uc_hextab                                0x08006198   Data          20  _printf_hex_int_ll_ptr.o(.constdata)
    lc_hextab                                0x080061ac   Data          20  _printf_hex_int_ll_ptr.o(.constdata)
    .constdata                               0x080061c0   Section       17  __printf_flags_ss_wp.o(.constdata)
    maptable                                 0x080061c0   Data          17  __printf_flags_ss_wp.o(.constdata)
    .constdata                               0x080061d1   Section       38  _printf_fp_hex.o(.constdata)
    lc_hextab                                0x080061d1   Data          19  _printf_fp_hex.o(.constdata)
    uc_hextab                                0x080061e4   Data          19  _printf_fp_hex.o(.constdata)
    .constdata                               0x080061f8   Section      148  bigflt0.o(.constdata)
    tenpwrs_x                                0x080061f8   Data          60  bigflt0.o(.constdata)
    tenpwrs_i                                0x08006234   Data          64  bigflt0.o(.constdata)
    .conststring                             0x0800628c   Section      334  main.o(.conststring)
    .conststring                             0x080063dc   Section      527  blood.o(.conststring)
    locale$$data                             0x0800660c   Section       28  lc_numeric_c.o(locale$$data)
    __lcnum_c_name                           0x08006610   Data           2  lc_numeric_c.o(locale$$data)
    __lcnum_c_start                          0x08006618   Data           0  lc_numeric_c.o(locale$$data)
    __lcnum_c_point                          0x08006624   Data           0  lc_numeric_c.o(locale$$data)
    __lcnum_c_thousands                      0x08006626   Data           0  lc_numeric_c.o(locale$$data)
    __lcnum_c_grouping                       0x08006627   Data           0  lc_numeric_c.o(locale$$data)
    locale$$data                             0x08006628   Section      272  lc_ctype_c.o(locale$$data)
    __lcnum_c_end                            0x08006628   Data           0  lc_numeric_c.o(locale$$data)
    __lcctype_c_name                         0x0800662c   Data           2  lc_ctype_c.o(locale$$data)
    __lcctype_c_start                        0x08006634   Data           0  lc_ctype_c.o(locale$$data)
    __lcctype_c_end                          0x08006738   Data           0  lc_ctype_c.o(locale$$data)
    .data                                    0x20000000   Section       20  stm32f10x_rcc.o(.data)
    APBAHBPrescTable                         0x20000000   Data          16  stm32f10x_rcc.o(.data)
    ADCPrescTable                            0x20000010   Data           4  stm32f10x_rcc.o(.data)
    .data                                    0x20000014   Section       16  main.o(.data)
    AppTaskCreate_Handle                     0x20000014   Data           4  main.o(.data)
    esp8266_Task_Handle                      0x20000018   Data           4  main.o(.data)
    max30102_Task_Handle                     0x2000001c   Data           4  main.o(.data)
    buzzer_Task_Handle                       0x20000020   Data           4  main.o(.data)
    .data                                    0x20000024   Section        4  max30102.o(.data)
    .data                                    0x20000028   Section       20  blood.o(.data)
    .data                                    0x2000003c   Section        1  xiic.o(.data)
    .data                                    0x20000040   Section       64  tasks.o(.data)
    pxDelayedTaskList                        0x20000044   Data           4  tasks.o(.data)
    pxOverflowDelayedTaskList                0x20000048   Data           4  tasks.o(.data)
    uxDeletedTasksWaitingCleanUp             0x2000004c   Data           4  tasks.o(.data)
    uxCurrentNumberOfTasks                   0x20000050   Data           4  tasks.o(.data)
    xTickCount                               0x20000054   Data           4  tasks.o(.data)
    uxTopReadyPriority                       0x20000058   Data           4  tasks.o(.data)
    xSchedulerRunning                        0x2000005c   Data           4  tasks.o(.data)
    xPendedTicks                             0x20000060   Data           4  tasks.o(.data)
    xYieldPendings                           0x20000064   Data           4  tasks.o(.data)
    xNumOfOverflows                          0x20000068   Data           4  tasks.o(.data)
    uxTaskNumber                             0x2000006c   Data           4  tasks.o(.data)
    xNextTaskUnblockTime                     0x20000070   Data           4  tasks.o(.data)
    xIdleTaskHandles                         0x20000074   Data           4  tasks.o(.data)
    uxSchedulerSuspended                     0x2000007c   Data           4  tasks.o(.data)
    .data                                    0x20000080   Section       28  heap_4.o(.data)
    xStart                                   0x20000080   Data           8  heap_4.o(.data)
    pxEnd                                    0x20000088   Data           4  heap_4.o(.data)
    xFreeBytesRemaining                      0x2000008c   Data           4  heap_4.o(.data)
    xMinimumEverFreeBytesRemaining           0x20000090   Data           4  heap_4.o(.data)
    xNumberOfSuccessfulAllocations           0x20000094   Data           4  heap_4.o(.data)
    xNumberOfSuccessfulFrees                 0x20000098   Data           4  heap_4.o(.data)
    .data                                    0x2000009c   Section        4  port.o(.data)
    uxCriticalNesting                        0x2000009c   Data           4  port.o(.data)
    .bss                                     0x200000a0   Section     8448  blood.o(.bss)
    .bss                                     0x200021a0   Section      200  tasks.o(.bss)
    pxReadyTasksLists                        0x200021a0   Data         100  tasks.o(.bss)
    xDelayedTaskList1                        0x20002204   Data          20  tasks.o(.bss)
    xDelayedTaskList2                        0x20002218   Data          20  tasks.o(.bss)
    xPendingReadyList                        0x2000222c   Data          20  tasks.o(.bss)
    xTasksWaitingTermination                 0x20002240   Data          20  tasks.o(.bss)
    xSuspendedTaskList                       0x20002254   Data          20  tasks.o(.bss)
    .bss                                     0x20002268   Section     8192  heap_4.o(.bss)
    ucHeap                                   0x20002268   Data        8192  heap_4.o(.bss)
    .bss                                     0x20004268   Section       96  libspace.o(.bss)
    HEAP                                     0x200042c8   Section      512  startup_stm32f10x_md.o(HEAP)
    Heap_Mem                                 0x200042c8   Data         512  startup_stm32f10x_md.o(HEAP)
    STACK                                    0x200044c8   Section     1024  startup_stm32f10x_md.o(STACK)
    Stack_Mem                                0x200044c8   Data        1024  startup_stm32f10x_md.o(STACK)
    __initial_sp                             0x200048c8   Data           0  startup_stm32f10x_md.o(STACK)

    Global Symbols

    Symbol Name                              Value     Ov Type        Size  Object(Section)

    BuildAttributes$$THM_ISAv4$P$D$K$B$S$PE$A:L22UL41UL21$X:L11$S22US41US21$IEEE1$IW$USESV6$~STKCKD$USESV7$~SHL$OTIME$ROPI$IEEEJ$EBA8$UX$STANDARDLIB$REQ8$PRES8$EABIv2 0x00000000   Number         0  anon$$obj.o ABSOLUTE
    __ARM_use_no_argv                        0x00000000   Number         0  main.o ABSOLUTE
    _printf_flags                            0x00000000   Number         0  printf_stubs.o ABSOLUTE
    _printf_return_value                     0x00000000   Number         0  printf_stubs.o ABSOLUTE
    _printf_sizespec                         0x00000000   Number         0  printf_stubs.o ABSOLUTE
    _printf_widthprec                        0x00000000   Number         0  printf_stubs.o ABSOLUTE
    __ARM_exceptions_init                     - Undefined Weak Reference
    __alloca_initialize                       - Undefined Weak Reference
    __cpp_initialize__aeabi_                  - Undefined Weak Reference
    __cxa_finalize                            - Undefined Weak Reference
    __sigvec_lookup                           - Undefined Weak Reference
    _atexit_init                              - Undefined Weak Reference
    _call_atexit_fns                          - Undefined Weak Reference
    _clock_init                               - Undefined Weak Reference
    _fp_trap_init                             - Undefined Weak Reference
    _fp_trap_shutdown                         - Undefined Weak Reference
    _get_lc_collate                           - Undefined Weak Reference
    _get_lc_monetary                          - Undefined Weak Reference
    _get_lc_time                              - Undefined Weak Reference
    _getenv_init                              - Undefined Weak Reference
    _handle_redirection                       - Undefined Weak Reference
    _init_alloc                               - Undefined Weak Reference
    _init_user_alloc                          - Undefined Weak Reference
    _initio                                   - Undefined Weak Reference
    _printf_mbtowc                            - Undefined Weak Reference
    _printf_wc                                - Undefined Weak Reference
    _rand_init                                - Undefined Weak Reference
    _signal_finish                            - Undefined Weak Reference
    _signal_init                              - Undefined Weak Reference
    _terminate_alloc                          - Undefined Weak Reference
    _terminate_user_alloc                     - Undefined Weak Reference
    _terminateio                              - Undefined Weak Reference
    __Vectors_Size                           0x000000ec   Number         0  startup_stm32f10x_md.o ABSOLUTE
    __Vectors                                0x08000000   Data           4  startup_stm32f10x_md.o(RESET)
    __Vectors_End                            0x080000ec   Data           0  startup_stm32f10x_md.o(RESET)
    __main                                   0x080000ed   Thumb Code     8  __main.o(!!!main)
    __scatterload                            0x080000f5   Thumb Code     0  __scatter.o(!!!scatter)
    __scatterload_rt2                        0x080000f5   Thumb Code    44  __scatter.o(!!!scatter)
    __scatterload_rt2_thumb_only             0x080000f5   Thumb Code     0  __scatter.o(!!!scatter)
    __scatterload_null                       0x08000103   Thumb Code     0  __scatter.o(!!!scatter)
    __scatterload_copy                       0x08000129   Thumb Code    26  __scatter_copy.o(!!handler_copy)
    __scatterload_zeroinit                   0x08000145   Thumb Code    28  __scatter_zi.o(!!handler_zi)
    _printf_n                                0x08000161   Thumb Code     0  _printf_n.o(.ARM.Collect$$_printf_percent$$00000001)
    _printf_percent                          0x08000161   Thumb Code     0  _printf_percent.o(.ARM.Collect$$_printf_percent$$00000000)
    _printf_p                                0x08000167   Thumb Code     0  _printf_p.o(.ARM.Collect$$_printf_percent$$00000002)
    _printf_f                                0x0800016d   Thumb Code     0  _printf_f.o(.ARM.Collect$$_printf_percent$$00000003)
    _printf_e                                0x08000173   Thumb Code     0  _printf_e.o(.ARM.Collect$$_printf_percent$$00000004)
    _printf_g                                0x08000179   Thumb Code     0  _printf_g.o(.ARM.Collect$$_printf_percent$$00000005)
    _printf_a                                0x0800017f   Thumb Code     0  _printf_a.o(.ARM.Collect$$_printf_percent$$00000006)
    _printf_ll                               0x08000185   Thumb Code     0  _printf_ll.o(.ARM.Collect$$_printf_percent$$00000007)
    _printf_i                                0x0800018f   Thumb Code     0  _printf_i.o(.ARM.Collect$$_printf_percent$$00000008)
    _printf_d                                0x08000195   Thumb Code     0  _printf_d.o(.ARM.Collect$$_printf_percent$$00000009)
    _printf_u                                0x0800019b   Thumb Code     0  _printf_u.o(.ARM.Collect$$_printf_percent$$0000000A)
    _printf_o                                0x080001a1   Thumb Code     0  _printf_o.o(.ARM.Collect$$_printf_percent$$0000000B)
    _printf_x                                0x080001a7   Thumb Code     0  _printf_x.o(.ARM.Collect$$_printf_percent$$0000000C)
    _printf_lli                              0x080001ad   Thumb Code     0  _printf_lli.o(.ARM.Collect$$_printf_percent$$0000000D)
    _printf_lld                              0x080001b3   Thumb Code     0  _printf_lld.o(.ARM.Collect$$_printf_percent$$0000000E)
    _printf_llu                              0x080001b9   Thumb Code     0  _printf_llu.o(.ARM.Collect$$_printf_percent$$0000000F)
    _printf_llo                              0x080001bf   Thumb Code     0  _printf_llo.o(.ARM.Collect$$_printf_percent$$00000010)
    _printf_llx                              0x080001c5   Thumb Code     0  _printf_llx.o(.ARM.Collect$$_printf_percent$$00000011)
    _printf_l                                0x080001cb   Thumb Code     0  _printf_l.o(.ARM.Collect$$_printf_percent$$00000012)
    _printf_c                                0x080001d5   Thumb Code     0  _printf_c.o(.ARM.Collect$$_printf_percent$$00000013)
    _printf_s                                0x080001db   Thumb Code     0  _printf_s.o(.ARM.Collect$$_printf_percent$$00000014)
    _printf_lc                               0x080001e1   Thumb Code     0  _printf_lc.o(.ARM.Collect$$_printf_percent$$00000015)
    _printf_ls                               0x080001e7   Thumb Code     0  _printf_ls.o(.ARM.Collect$$_printf_percent$$00000016)
    _printf_percent_end                      0x080001ed   Thumb Code     0  _printf_percent_end.o(.ARM.Collect$$_printf_percent$$00000017)
    __rt_lib_init                            0x080001f1   Thumb Code     0  libinit.o(.ARM.Collect$$libinit$$00000000)
    __rt_lib_init_fp_1                       0x080001f3   Thumb Code     0  libinit2.o(.ARM.Collect$$libinit$$00000002)
    __rt_lib_init_heap_1                     0x080001f3   Thumb Code     0  libinit2.o(.ARM.Collect$$libinit$$00000008)
    __rt_lib_init_lc_common                  0x080001f3   Thumb Code     0  libinit2.o(.ARM.Collect$$libinit$$0000000D)
    __rt_lib_init_rand_1                     0x080001f3   Thumb Code     0  libinit2.o(.ARM.Collect$$libinit$$0000000C)
    __rt_lib_init_user_alloc_1               0x080001f3   Thumb Code     0  libinit2.o(.ARM.Collect$$libinit$$0000000A)
    __rt_lib_init_lc_collate_1               0x080001f9   Thumb Code     0  libinit2.o(.ARM.Collect$$libinit$$0000000F)
    __rt_lib_init_lc_ctype_2                 0x080001f9   Thumb Code     0  libinit2.o(.ARM.Collect$$libinit$$00000010)
    __rt_lib_init_lc_ctype_1                 0x08000205   Thumb Code     0  libinit2.o(.ARM.Collect$$libinit$$00000011)
    __rt_lib_init_lc_monetary_1              0x08000205   Thumb Code     0  libinit2.o(.ARM.Collect$$libinit$$00000013)
    __rt_lib_init_lc_numeric_2               0x08000205   Thumb Code     0  libinit2.o(.ARM.Collect$$libinit$$00000014)
    __rt_lib_init_alloca_1                   0x0800020f   Thumb Code     0  libinit2.o(.ARM.Collect$$libinit$$0000002C)
    __rt_lib_init_argv_1                     0x0800020f   Thumb Code     0  libinit2.o(.ARM.Collect$$libinit$$0000002A)
    __rt_lib_init_atexit_1                   0x0800020f   Thumb Code     0  libinit2.o(.ARM.Collect$$libinit$$00000019)
    __rt_lib_init_clock_1                    0x0800020f   Thumb Code     0  libinit2.o(.ARM.Collect$$libinit$$0000001F)
    __rt_lib_init_cpp_1                      0x0800020f   Thumb Code     0  libinit2.o(.ARM.Collect$$libinit$$00000030)
    __rt_lib_init_exceptions_1               0x0800020f   Thumb Code     0  libinit2.o(.ARM.Collect$$libinit$$0000002E)
    __rt_lib_init_fp_trap_1                  0x0800020f   Thumb Code     0  libinit2.o(.ARM.Collect$$libinit$$0000001D)
    __rt_lib_init_getenv_1                   0x0800020f   Thumb Code     0  libinit2.o(.ARM.Collect$$libinit$$00000021)
    __rt_lib_init_lc_numeric_1               0x0800020f   Thumb Code     0  libinit2.o(.ARM.Collect$$libinit$$00000015)
    __rt_lib_init_lc_time_1                  0x0800020f   Thumb Code     0  libinit2.o(.ARM.Collect$$libinit$$00000017)
    __rt_lib_init_return                     0x0800020f   Thumb Code     0  libinit2.o(.ARM.Collect$$libinit$$00000031)
    __rt_lib_init_signal_1                   0x0800020f   Thumb Code     0  libinit2.o(.ARM.Collect$$libinit$$0000001B)
    __rt_lib_init_stdio_1                    0x0800020f   Thumb Code     0  libinit2.o(.ARM.Collect$$libinit$$00000023)
    __rt_lib_shutdown                        0x08000211   Thumb Code     0  libshutdown.o(.ARM.Collect$$libshutdown$$00000000)
    __rt_lib_shutdown_fp_trap_1              0x08000213   Thumb Code     0  libshutdown2.o(.ARM.Collect$$libshutdown$$00000006)
    __rt_lib_shutdown_heap_1                 0x08000213   Thumb Code     0  libshutdown2.o(.ARM.Collect$$libshutdown$$0000000E)
    __rt_lib_shutdown_return                 0x08000213   Thumb Code     0  libshutdown2.o(.ARM.Collect$$libshutdown$$0000000F)
    __rt_lib_shutdown_signal_1               0x08000213   Thumb Code     0  libshutdown2.o(.ARM.Collect$$libshutdown$$00000009)
    __rt_lib_shutdown_stdio_1                0x08000213   Thumb Code     0  libshutdown2.o(.ARM.Collect$$libshutdown$$00000003)
    __rt_lib_shutdown_user_alloc_1           0x08000213   Thumb Code     0  libshutdown2.o(.ARM.Collect$$libshutdown$$0000000B)
    __rt_entry                               0x08000215   Thumb Code     0  rtentry.o(.ARM.Collect$$rtentry$$00000000)
    __rt_entry_presh_1                       0x08000215   Thumb Code     0  rtentry2.o(.ARM.Collect$$rtentry$$00000002)
    __rt_entry_sh                            0x08000215   Thumb Code     0  rtentry4.o(.ARM.Collect$$rtentry$$00000004)
    __rt_entry_li                            0x0800021b   Thumb Code     0  rtentry2.o(.ARM.Collect$$rtentry$$0000000A)
    __rt_entry_postsh_1                      0x0800021b   Thumb Code     0  rtentry2.o(.ARM.Collect$$rtentry$$00000009)
    __rt_entry_main                          0x0800021f   Thumb Code     0  rtentry2.o(.ARM.Collect$$rtentry$$0000000D)
    __rt_entry_postli_1                      0x0800021f   Thumb Code     0  rtentry2.o(.ARM.Collect$$rtentry$$0000000C)
    __rt_exit                                0x08000227   Thumb Code     0  rtexit.o(.ARM.Collect$$rtexit$$00000000)
    __rt_exit_ls                             0x08000229   Thumb Code     0  rtexit2.o(.ARM.Collect$$rtexit$$00000003)
    __rt_exit_prels_1                        0x08000229   Thumb Code     0  rtexit2.o(.ARM.Collect$$rtexit$$00000002)
    __rt_exit_exit                           0x0800022d   Thumb Code     0  rtexit2.o(.ARM.Collect$$rtexit$$00000004)
    SVC_Handler                              0x08000235   Thumb Code    32  port.o(.emb_text)
    __asm___6_port_c_39a90d8d__prvStartFirstTask 0x08000259   Thumb Code    28  port.o(.emb_text)
    PendSV_Handler                           0x08000279   Thumb Code    72  port.o(.emb_text)
    vPortGetIPSR                             0x080002c5   Thumb Code     6  port.o(.emb_text)
    Reset_Handler                            0x080002cd   Thumb Code     8  startup_stm32f10x_md.o(.text)
    ADC1_2_IRQHandler                        0x080002e7   Thumb Code     0  startup_stm32f10x_md.o(.text)
    CAN1_RX1_IRQHandler                      0x080002e7   Thumb Code     0  startup_stm32f10x_md.o(.text)
    CAN1_SCE_IRQHandler                      0x080002e7   Thumb Code     0  startup_stm32f10x_md.o(.text)
    DMA1_Channel1_IRQHandler                 0x080002e7   Thumb Code     0  startup_stm32f10x_md.o(.text)
    DMA1_Channel2_IRQHandler                 0x080002e7   Thumb Code     0  startup_stm32f10x_md.o(.text)
    DMA1_Channel3_IRQHandler                 0x080002e7   Thumb Code     0  startup_stm32f10x_md.o(.text)
    DMA1_Channel4_IRQHandler                 0x080002e7   Thumb Code     0  startup_stm32f10x_md.o(.text)
    DMA1_Channel5_IRQHandler                 0x080002e7   Thumb Code     0  startup_stm32f10x_md.o(.text)
    DMA1_Channel6_IRQHandler                 0x080002e7   Thumb Code     0  startup_stm32f10x_md.o(.text)
    DMA1_Channel7_IRQHandler                 0x080002e7   Thumb Code     0  startup_stm32f10x_md.o(.text)
    EXTI0_IRQHandler                         0x080002e7   Thumb Code     0  startup_stm32f10x_md.o(.text)
    EXTI15_10_IRQHandler                     0x080002e7   Thumb Code     0  startup_stm32f10x_md.o(.text)
    EXTI1_IRQHandler                         0x080002e7   Thumb Code     0  startup_stm32f10x_md.o(.text)
    EXTI2_IRQHandler                         0x080002e7   Thumb Code     0  startup_stm32f10x_md.o(.text)
    EXTI3_IRQHandler                         0x080002e7   Thumb Code     0  startup_stm32f10x_md.o(.text)
    EXTI4_IRQHandler                         0x080002e7   Thumb Code     0  startup_stm32f10x_md.o(.text)
    EXTI9_5_IRQHandler                       0x080002e7   Thumb Code     0  startup_stm32f10x_md.o(.text)
    FLASH_IRQHandler                         0x080002e7   Thumb Code     0  startup_stm32f10x_md.o(.text)
    I2C1_ER_IRQHandler                       0x080002e7   Thumb Code     0  startup_stm32f10x_md.o(.text)
    I2C1_EV_IRQHandler                       0x080002e7   Thumb Code     0  startup_stm32f10x_md.o(.text)
    I2C2_ER_IRQHandler                       0x080002e7   Thumb Code     0  startup_stm32f10x_md.o(.text)
    I2C2_EV_IRQHandler                       0x080002e7   Thumb Code     0  startup_stm32f10x_md.o(.text)
    PVD_IRQHandler                           0x080002e7   Thumb Code     0  startup_stm32f10x_md.o(.text)
    RCC_IRQHandler                           0x080002e7   Thumb Code     0  startup_stm32f10x_md.o(.text)
    RTCAlarm_IRQHandler                      0x080002e7   Thumb Code     0  startup_stm32f10x_md.o(.text)
    RTC_IRQHandler                           0x080002e7   Thumb Code     0  startup_stm32f10x_md.o(.text)
    SPI1_IRQHandler                          0x080002e7   Thumb Code     0  startup_stm32f10x_md.o(.text)
    SPI2_IRQHandler                          0x080002e7   Thumb Code     0  startup_stm32f10x_md.o(.text)
    TAMPER_IRQHandler                        0x080002e7   Thumb Code     0  startup_stm32f10x_md.o(.text)
    TIM1_BRK_IRQHandler                      0x080002e7   Thumb Code     0  startup_stm32f10x_md.o(.text)
    TIM1_CC_IRQHandler                       0x080002e7   Thumb Code     0  startup_stm32f10x_md.o(.text)
    TIM1_TRG_COM_IRQHandler                  0x080002e7   Thumb Code     0  startup_stm32f10x_md.o(.text)
    TIM1_UP_IRQHandler                       0x080002e7   Thumb Code     0  startup_stm32f10x_md.o(.text)
    TIM2_IRQHandler                          0x080002e7   Thumb Code     0  startup_stm32f10x_md.o(.text)
    TIM3_IRQHandler                          0x080002e7   Thumb Code     0  startup_stm32f10x_md.o(.text)
    TIM4_IRQHandler                          0x080002e7   Thumb Code     0  startup_stm32f10x_md.o(.text)
    USART2_IRQHandler                        0x080002e7   Thumb Code     0  startup_stm32f10x_md.o(.text)
    USART3_IRQHandler                        0x080002e7   Thumb Code     0  startup_stm32f10x_md.o(.text)
    USBWakeUp_IRQHandler                     0x080002e7   Thumb Code     0  startup_stm32f10x_md.o(.text)
    USB_HP_CAN1_TX_IRQHandler                0x080002e7   Thumb Code     0  startup_stm32f10x_md.o(.text)
    USB_LP_CAN1_RX0_IRQHandler               0x080002e7   Thumb Code     0  startup_stm32f10x_md.o(.text)
    WWDG_IRQHandler                          0x080002e7   Thumb Code     0  startup_stm32f10x_md.o(.text)
    __user_initial_stackheap                 0x080002e9   Thumb Code     0  startup_stm32f10x_md.o(.text)
    vsnprintf                                0x0800030d   Thumb Code    48  vsnprintf.o(.text)
    __aeabi_memclr4                          0x08000341   Thumb Code     0  rt_memclr_w.o(.text)
    __aeabi_memclr8                          0x08000341   Thumb Code     0  rt_memclr_w.o(.text)
    __rt_memclr_w                            0x08000341   Thumb Code    78  rt_memclr_w.o(.text)
    _memset_w                                0x08000345   Thumb Code     0  rt_memclr_w.o(.text)
    __use_two_region_memory                  0x0800038f   Thumb Code     2  heapauxi.o(.text)
    __rt_heap_escrow$2region                 0x08000391   Thumb Code     2  heapauxi.o(.text)
    __rt_heap_expand$2region                 0x08000393   Thumb Code     2  heapauxi.o(.text)
    __read_errno                             0x08000395   Thumb Code    10  _rserrno.o(.text)
    __set_errno                              0x0800039f   Thumb Code    12  _rserrno.o(.text)
    _printf_pre_padding                      0x080003ab   Thumb Code    44  _printf_pad.o(.text)
    _printf_post_padding                     0x080003d7   Thumb Code    34  _printf_pad.o(.text)
    _printf_truncate_signed                  0x080003f9   Thumb Code    18  _printf_truncate.o(.text)
    _printf_truncate_unsigned                0x0800040b   Thumb Code    18  _printf_truncate.o(.text)
    _printf_str                              0x0800041d   Thumb Code    82  _printf_str.o(.text)
    _printf_int_dec                          0x08000471   Thumb Code   100  _printf_dec.o(.text)
    _printf_charcount                        0x080004e5   Thumb Code    40  _printf_charcount.o(.text)
    _printf_char_common                      0x08000517   Thumb Code    32  _printf_char_common.o(.text)
    _sputc                                   0x0800053d   Thumb Code    10  _sputc.o(.text)
    _snputc                                  0x08000547   Thumb Code    16  _snputc.o(.text)
    _printf_wctomb                           0x08000559   Thumb Code   182  _printf_wctomb.o(.text)
    _printf_longlong_dec                     0x08000615   Thumb Code   104  _printf_longlong_dec.o(.text)
    _printf_longlong_oct                     0x0800068d   Thumb Code    68  _printf_oct_int_ll.o(.text)
    _printf_int_oct                          0x080006d1   Thumb Code    24  _printf_oct_int_ll.o(.text)
    _printf_ll_oct                           0x080006e9   Thumb Code    12  _printf_oct_int_ll.o(.text)
    _printf_longlong_hex                     0x080006fd   Thumb Code    86  _printf_hex_int_ll_ptr.o(.text)
    _printf_int_hex                          0x08000753   Thumb Code    28  _printf_hex_int_ll_ptr.o(.text)
    _printf_ll_hex                           0x0800076f   Thumb Code    12  _printf_hex_int_ll_ptr.o(.text)
    _printf_hex_ptr                          0x0800077b   Thumb Code    18  _printf_hex_int_ll_ptr.o(.text)
    __printf                                 0x08000791   Thumb Code   388  __printf_flags_ss_wp.o(.text)
    __aeabi_errno_addr                       0x08000919   Thumb Code     8  rt_errno_addr_intlibspace.o(.text)
    __errno$intlibspace                      0x08000919   Thumb Code     0  rt_errno_addr_intlibspace.o(.text)
    __rt_errno_addr$intlibspace              0x08000919   Thumb Code     0  rt_errno_addr_intlibspace.o(.text)
    _ll_udiv10                               0x08000921   Thumb Code   138  lludiv10.o(.text)
    _printf_int_common                       0x080009ab   Thumb Code   178  _printf_intcommon.o(.text)
    __lib_sel_fp_printf                      0x08000a5d   Thumb Code     2  _printf_fp_dec.o(.text)
    _printf_fp_dec_real                      0x08000c0b   Thumb Code   616  _printf_fp_dec.o(.text)
    _printf_fp_hex_real                      0x08000e75   Thumb Code   750  _printf_fp_hex.o(.text)
    _printf_cs_common                        0x0800116d   Thumb Code    20  _printf_char.o(.text)
    _printf_char                             0x08001181   Thumb Code    16  _printf_char.o(.text)
    _printf_string                           0x08001191   Thumb Code     8  _printf_char.o(.text)
    _printf_lcs_common                       0x08001199   Thumb Code    20  _printf_wchar.o(.text)
    _printf_wchar                            0x080011ad   Thumb Code    16  _printf_wchar.o(.text)
    _printf_wstring                          0x080011bd   Thumb Code     8  _printf_wchar.o(.text)
    _wcrtomb                                 0x080011c5   Thumb Code    64  _wcrtomb.o(.text)
    __user_libspace                          0x08001205   Thumb Code     8  libspace.o(.text)
    __user_perproc_libspace                  0x08001205   Thumb Code     0  libspace.o(.text)
    __user_perthread_libspace                0x08001205   Thumb Code     0  libspace.o(.text)
    __user_setup_stackheap                   0x0800120d   Thumb Code    74  sys_stackheap_outer.o(.text)
    __rt_ctype_table                         0x08001259   Thumb Code    16  rt_ctype_table.o(.text)
    __rt_locale                              0x08001269   Thumb Code     8  rt_locale_intlibspace.o(.text)
    _printf_fp_infnan                        0x08001271   Thumb Code   112  _printf_fp_infnan.o(.text)
    _btod_etento                             0x080012f1   Thumb Code   212  bigflt0.o(.text)
    exit                                     0x080013c9   Thumb Code    12  exit.o(.text)
    strcmp                                   0x080013d5   Thumb Code   128  strcmpv7m.o(.text)
    _sys_exit                                0x08001455   Thumb Code     8  sys_exit.o(.text)
    __I$use$semihosting                      0x08001461   Thumb Code     0  use_no_semi.o(.text)
    __use_no_semihosting_swi                 0x08001461   Thumb Code     2  use_no_semi.o(.text)
    __semihosting_library_function           0x08001463   Thumb Code     0  indicate_semi.o(.text)
    _btod_d2e                                0x08001463   Thumb Code    62  btod.o(CL$$btod_d2e)
    _d2e_denorm_low                          0x080014a1   Thumb Code    70  btod.o(CL$$btod_d2e_denorm_low)
    _d2e_norm_op1                            0x080014e7   Thumb Code    96  btod.o(CL$$btod_d2e_norm_op1)
    __btod_div_common                        0x08001547   Thumb Code   696  btod.o(CL$$btod_div_common)
    _e2e                                     0x0800187f   Thumb Code   198  btod.o(CL$$btod_e2e)
    _btod_ediv                               0x08001945   Thumb Code    40  btod.o(CL$$btod_ediv)
    _btod_emul                               0x0800196d   Thumb Code    40  btod.o(CL$$btod_emul)
    __btod_mult_common                       0x08001995   Thumb Code   580  btod.o(CL$$btod_mult_common)
    BusFault_Handler                         0x08001c85   Thumb Code     4  stm32f10x_it.o(i.BusFault_Handler)
    DebugMon_Handler                         0x08001c89   Thumb Code     2  stm32f10x_it.o(i.DebugMon_Handler)
    EE                                       0x08001c8b   Thumb Code    76  algorithm.o(i.EE)
    FFT                                      0x08001cd9   Thumb Code   386  algorithm.o(i.FFT)
    GPIO_Init                                0x08001e65   Thumb Code   278  stm32f10x_gpio.o(i.GPIO_Init)
    GPIO_ReadInputDataBit                    0x08001f7b   Thumb Code    18  stm32f10x_gpio.o(i.GPIO_ReadInputDataBit)
    GPIO_ResetBits                           0x08001f8d   Thumb Code     4  stm32f10x_gpio.o(i.GPIO_ResetBits)
    GPIO_SetBits                             0x08001f91   Thumb Code     4  stm32f10x_gpio.o(i.GPIO_SetBits)
    GPIO_WriteBit                            0x08001f95   Thumb Code    10  stm32f10x_gpio.o(i.GPIO_WriteBit)
    HardFault_Handler                        0x08001f9f   Thumb Code     4  stm32f10x_it.o(i.HardFault_Handler)
    I2C_Ack                                  0x08001fa5   Thumb Code    90  xiic.o(i.I2C_Ack)
    IIC_Delay                                0x08002005   Thumb Code    16  xiic.o(i.IIC_Delay)
    IIC_GPIO_INIT                            0x08002015   Thumb Code    52  xiic.o(i.IIC_GPIO_INIT)
    IIC_Read_Array                           0x0800204d   Thumb Code   128  xiic.o(i.IIC_Read_Array)
    IIC_Read_Byte                            0x080020d1   Thumb Code    90  xiic.o(i.IIC_Read_Byte)
    IIC_Receive_Byte                         0x08002131   Thumb Code    62  xiic.o(i.IIC_Receive_Byte)
    IIC_Send_Byte                            0x08002175   Thumb Code   134  xiic.o(i.IIC_Send_Byte)
    IIC_Start                                0x08002205   Thumb Code    48  xiic.o(i.IIC_Start)
    IIC_Stop                                 0x08002239   Thumb Code    36  xiic.o(i.IIC_Stop)
    IIC_Write_Byte                           0x08002261   Thumb Code    74  xiic.o(i.IIC_Write_Byte)
    MAX30102_Config                          0x080022b1   Thumb Code   114  max30102.o(i.MAX30102_Config)
    MAX30102_GPIO                            0x08002325   Thumb Code    32  max30102.o(i.MAX30102_GPIO)
    Max30102_reset                           0x08002349   Thumb Code    22  max30102.o(i.Max30102_reset)
    MemManage_Handler                        0x0800235f   Thumb Code     4  stm32f10x_it.o(i.MemManage_Handler)
    NMI_Handler                              0x08002363   Thumb Code     2  stm32f10x_it.o(i.NMI_Handler)
    NVIC_Init                                0x08002365   Thumb Code   100  misc.o(i.NVIC_Init)
    OLED_Clear                               0x080023d5   Thumb Code    42  oled.o(i.OLED_Clear)
    OLED_I2C_Init                            0x08002401   Thumb Code    76  oled.o(i.OLED_I2C_Init)
    OLED_I2C_SendByte                        0x08002451   Thumb Code    80  oled.o(i.OLED_I2C_SendByte)
    OLED_I2C_Start                           0x080024a5   Thumb Code    48  oled.o(i.OLED_I2C_Start)
    OLED_I2C_Stop                            0x080024d9   Thumb Code    36  oled.o(i.OLED_I2C_Stop)
    OLED_Init                                0x08002501   Thumb Code   174  oled.o(i.OLED_Init)
    OLED_Pow                                 0x080025af   Thumb Code    20  oled.o(i.OLED_Pow)
    OLED_SetCursor                           0x080025c3   Thumb Code    34  oled.o(i.OLED_SetCursor)
    OLED_ShowChar                            0x080025e5   Thumb Code   110  oled.o(i.OLED_ShowChar)
    OLED_ShowNum                             0x08002659   Thumb Code    68  oled.o(i.OLED_ShowNum)
    OLED_ShowString                          0x0800269d   Thumb Code    40  oled.o(i.OLED_ShowString)
    OLED_WriteCommand                        0x080026c5   Thumb Code    32  oled.o(i.OLED_WriteCommand)
    OLED_WriteData                           0x080026e5   Thumb Code    32  oled.o(i.OLED_WriteData)
    RCC_APB1PeriphClockCmd                   0x08002705   Thumb Code    26  stm32f10x_rcc.o(i.RCC_APB1PeriphClockCmd)
    RCC_APB2PeriphClockCmd                   0x08002725   Thumb Code    26  stm32f10x_rcc.o(i.RCC_APB2PeriphClockCmd)
    RCC_GetClocksFreq                        0x08002745   Thumb Code   192  stm32f10x_rcc.o(i.RCC_GetClocksFreq)
    SysTick_Handler                          0x08002901   Thumb Code    46  port.o(i.SysTick_Handler)
    SystemInit                               0x08002935   Thumb Code    78  system_stm32f10x.o(i.SystemInit)
    USART1_IRQHandler                        0x08002995   Thumb Code    24  usart.o(i.USART1_IRQHandler)
    USART_ClearFlag                          0x080029b1   Thumb Code    18  stm32f10x_usart.o(i.USART_ClearFlag)
    USART_Cmd                                0x080029c3   Thumb Code    24  stm32f10x_usart.o(i.USART_Cmd)
    USART_GetFlagStatus                      0x080029db   Thumb Code    26  stm32f10x_usart.o(i.USART_GetFlagStatus)
    USART_GetITStatus                        0x080029f5   Thumb Code    84  stm32f10x_usart.o(i.USART_GetITStatus)
    USART_ITConfig                           0x08002a49   Thumb Code    74  stm32f10x_usart.o(i.USART_ITConfig)
    USART_Init                               0x08002a95   Thumb Code   210  stm32f10x_usart.o(i.USART_Init)
    USART_SendData                           0x08002b6d   Thumb Code     8  stm32f10x_usart.o(i.USART_SendData)
    UsageFault_Handler                       0x08002b75   Thumb Code     4  stm32f10x_it.o(i.UsageFault_Handler)
    Usart1_Init                              0x08002b79   Thumb Code   166  usart.o(i.Usart1_Init)
    Usart2_Init                              0x08002c29   Thumb Code   162  usart.o(i.Usart2_Init)
    UsartPrintf                              0x08002cd5   Thumb Code    72  usart.o(i.UsartPrintf)
    XCos                                     0x08002d1d   Thumb Code    30  algorithm.o(i.XCos)
    XSin                                     0x08002d45   Thumb Code   488  algorithm.o(i.XSin)
    __ARM_fpclassify                         0x08002f55   Thumb Code    40  fpclassify.o(i.__ARM_fpclassify)
    _is_digit                                0x08002f7d   Thumb Code    14  __printf_wp.o(i._is_digit)
    blood_Loop                               0x08002f8d   Thumb Code   130  blood.o(i.blood_Loop)
    blood_data_translate                     0x0800303d   Thumb Code  1196  blood.o(i.blood_data_translate)
    blood_data_update                        0x080034fd   Thumb Code   122  blood.o(i.blood_data_update)
    find_max_num_index                       0x080036d5   Thumb Code    50  algorithm.o(i.find_max_num_index)
    main                                     0x08003709   Thumb Code    46  main.o(i.main)
    max30102_read_fifo                       0x080037b5   Thumb Code   196  max30102.o(i.max30102_read_fifo)
    my_floor                                 0x08003881   Thumb Code    76  algorithm.o(i.my_floor)
    my_fmod                                  0x080038cd   Thumb Code   152  algorithm.o(i.my_fmod)
    pvPortMalloc                             0x08003e5d   Thumb Code   234  heap_4.o(i.pvPortMalloc)
    pxPortInitialiseStack                    0x08003f5d   Thumb Code    30  port.o(i.pxPortInitialiseStack)
    sqrtf                                    0x08003f81   Thumb Code    44  sqrtf.o(i.sqrtf)
    uxListRemove                             0x08003fad   Thumb Code    40  list.o(i.uxListRemove)
    vListInitialise                          0x08003fd5   Thumb Code    26  list.o(i.vListInitialise)
    vListInitialiseItem                      0x08003fef   Thumb Code     6  list.o(i.vListInitialiseItem)
    vListInsert                              0x08003ff5   Thumb Code    52  list.o(i.vListInsert)
    vListInsertEnd                           0x08004029   Thumb Code    24  list.o(i.vListInsertEnd)
    vPortEnterCritical                       0x08004041   Thumb Code    30  port.o(i.vPortEnterCritical)
    vPortExitCritical                        0x08004065   Thumb Code    28  port.o(i.vPortExitCritical)
    vPortFree                                0x08004085   Thumb Code    68  heap_4.o(i.vPortFree)
    vPortSetupTimerInterrupt                 0x080040d1   Thumb Code    20  port.o(i.vPortSetupTimerInterrupt)
    vTaskDelay                               0x080040e9   Thumb Code    46  tasks.o(i.vTaskDelay)
    vTaskDelete                              0x0800411d   Thumb Code   186  tasks.o(i.vTaskDelete)
    vTaskStartScheduler                      0x080041fd   Thumb Code    60  tasks.o(i.vTaskStartScheduler)
    vTaskSuspendAll                          0x08004249   Thumb Code    12  tasks.o(i.vTaskSuspendAll)
    vTaskSwitchContext                       0x08004259   Thumb Code    80  tasks.o(i.vTaskSwitchContext)
    xPortStartScheduler                      0x080042bd   Thumb Code    42  port.o(i.xPortStartScheduler)
    xTaskCreate                              0x080042f1   Thumb Code    56  tasks.o(i.xTaskCreate)
    xTaskIncrementTick                       0x08004329   Thumb Code   372  tasks.o(i.xTaskIncrementTick)
    xTaskResumeAll                           0x080044c9   Thumb Code   344  tasks.o(i.xTaskResumeAll)
    _get_lc_numeric                          0x08004645   Thumb Code    44  lc_numeric_c.o(locale$$code)
    _get_lc_ctype                            0x08004671   Thumb Code    44  lc_ctype_c.o(locale$$code)
    __aeabi_d2f                              0x0800469d   Thumb Code     0  d2f.o(x$fpl$d2f)
    _d2f                                     0x0800469d   Thumb Code    98  d2f.o(x$fpl$d2f)
    __aeabi_dadd                             0x08004701   Thumb Code     0  daddsub_clz.o(x$fpl$dadd)
    _dadd                                    0x08004701   Thumb Code   332  daddsub_clz.o(x$fpl$dadd)
    __fpl_dcmp_Inf                           0x08004851   Thumb Code    24  dcmpi.o(x$fpl$dcmpinf)
    __aeabi_ddiv                             0x08004869   Thumb Code     0  ddiv.o(x$fpl$ddiv)
    _ddiv                                    0x08004869   Thumb Code   552  ddiv.o(x$fpl$ddiv)
    __aeabi_cdcmpeq                          0x08004b19   Thumb Code     0  deqf.o(x$fpl$deqf)
    _dcmpeq                                  0x08004b19   Thumb Code   120  deqf.o(x$fpl$deqf)
    __aeabi_d2iz                             0x08004b91   Thumb Code     0  dfix.o(x$fpl$dfix)
    _dfix                                    0x08004b91   Thumb Code    94  dfix.o(x$fpl$dfix)
    __aeabi_i2d                              0x08004bef   Thumb Code     0  dflt_clz.o(x$fpl$dflt)
    _dflt                                    0x08004bef   Thumb Code    46  dflt_clz.o(x$fpl$dflt)
    __aeabi_cdcmple                          0x08004c1d   Thumb Code     0  dleqf.o(x$fpl$dleqf)
    _dcmple                                  0x08004c1d   Thumb Code   120  dleqf.o(x$fpl$dleqf)
    __fpl_dcmple_InfNaN                      0x08004c7f   Thumb Code     0  dleqf.o(x$fpl$dleqf)
    __aeabi_dmul                             0x08004c95   Thumb Code     0  dmul.o(x$fpl$dmul)
    _dmul                                    0x08004c95   Thumb Code   332  dmul.o(x$fpl$dmul)
    __fpl_dnaninf                            0x08004de9   Thumb Code   156  dnaninf.o(x$fpl$dnaninf)
    __fpl_dretinf                            0x08004e85   Thumb Code    12  dretinf.o(x$fpl$dretinf)
    __aeabi_cdrcmple                         0x08004e91   Thumb Code     0  drleqf.o(x$fpl$drleqf)
    _drcmple                                 0x08004e91   Thumb Code   108  drleqf.o(x$fpl$drleqf)
    __aeabi_drsub                            0x08004efd   Thumb Code     0  daddsub_clz.o(x$fpl$drsb)
    _drsb                                    0x08004efd   Thumb Code    22  daddsub_clz.o(x$fpl$drsb)
    __aeabi_dsub                             0x08004f15   Thumb Code     0  daddsub_clz.o(x$fpl$dsub)
    _dsub                                    0x08004f15   Thumb Code   464  daddsub_clz.o(x$fpl$dsub)
    __aeabi_f2d                              0x080050e9   Thumb Code     0  f2d.o(x$fpl$f2d)
    _f2d                                     0x080050e9   Thumb Code    86  f2d.o(x$fpl$f2d)
    __aeabi_fadd                             0x08005141   Thumb Code     0  faddsub_clz.o(x$fpl$fadd)
    _fadd                                    0x08005141   Thumb Code   196  faddsub_clz.o(x$fpl$fadd)
    __fpl_fcmp_Inf                           0x08005205   Thumb Code    24  fcmpi.o(x$fpl$fcmpinf)
    __aeabi_fdiv                             0x0800521d   Thumb Code     0  fdiv.o(x$fpl$fdiv)
    _fdiv                                    0x0800521d   Thumb Code   384  fdiv.o(x$fpl$fdiv)
    __aeabi_f2iz                             0x080053a1   Thumb Code     0  ffix.o(x$fpl$ffix)
    _ffix                                    0x080053a1   Thumb Code    54  ffix.o(x$fpl$ffix)
    __aeabi_f2uiz                            0x080053d9   Thumb Code     0  ffixu.o(x$fpl$ffixu)
    _ffixu                                   0x080053d9   Thumb Code    62  ffixu.o(x$fpl$ffixu)
    __aeabi_i2f                              0x08005419   Thumb Code     0  fflt_clz.o(x$fpl$fflt)
    _fflt                                    0x08005419   Thumb Code    48  fflt_clz.o(x$fpl$fflt)
    __aeabi_ui2f                             0x08005449   Thumb Code     0  fflt_clz.o(x$fpl$ffltu)
    _ffltu                                   0x08005449   Thumb Code    38  fflt_clz.o(x$fpl$ffltu)
    __aeabi_cfcmple                          0x08005471   Thumb Code     0  fleqf.o(x$fpl$fleqf)
    _fcmple                                  0x08005471   Thumb Code   104  fleqf.o(x$fpl$fleqf)
    __fpl_fcmple_InfNaN                      0x080054c3   Thumb Code     0  fleqf.o(x$fpl$fleqf)
    __aeabi_fmul                             0x080054d9   Thumb Code     0  fmul.o(x$fpl$fmul)
    _fmul                                    0x080054d9   Thumb Code   258  fmul.o(x$fpl$fmul)
    __fpl_fnaninf                            0x080055db   Thumb Code   140  fnaninf.o(x$fpl$fnaninf)
    __fpl_fretinf                            0x08005667   Thumb Code    10  fretinf.o(x$fpl$fretinf)
    _fsqrt                                   0x08005671   Thumb Code   272  fsqrt.o(x$fpl$fsqrt)
    __aeabi_fsub                             0x08005781   Thumb Code     0  faddsub_clz.o(x$fpl$fsub)
    _fsub                                    0x08005781   Thumb Code   234  faddsub_clz.o(x$fpl$fsub)
    _printf_fp_dec                           0x0800586b   Thumb Code     4  printf1.o(x$fpl$printf1)
    _printf_fp_hex                           0x0800586f   Thumb Code     4  printf2.o(x$fpl$printf2)
    __I$use$fp                               0x08005872   Number         0  usenofp.o(x$fpl$usenofp)
    OLED_F8x16                               0x08005ba0   Data        1520  oled.o(.constdata)
    Region$$Table$$Base                      0x080065ec   Number         0  anon$$obj.o(Region$$Table)
    Region$$Table$$Limit                     0x0800660c   Number         0  anon$$obj.o(Region$$Table)
    __ctype                                  0x08006635   Data           0  lc_ctype_c.o(locale$$data)
    fifo_red                                 0x20000024   Data           2  max30102.o(.data)
    fifo_ir                                  0x20000026   Data           2  max30102.o(.data)
    g_fft_index                              0x20000028   Data           2  blood.o(.data)
    g_BloodWave                              0x2000002c   Data           8  blood.o(.data)
    g_blooddata                              0x20000034   Data           8  blood.o(.data)
    ack                                      0x2000003c   Data           1  xiic.o(.data)
    pxCurrentTCB                             0x20000040   Data           4  tasks.o(.data)
    uxTopUsedPriority                        0x20000078   Data           4  tasks.o(.data)
    s1                                       0x200000a0   Data        4224  blood.o(.bss)
    s2                                       0x20001120   Data        4224  blood.o(.bss)
    __libspace_start                         0x20004268   Data          96  libspace.o(.bss)
    __temporary_stack_top$libspace           0x200042c8   Data           0  libspace.o(.bss)



==============================================================================

Memory Map of the image

  Image Entry point : 0x080000ed

  Load Region LR_IROM1 (Base: 0x08000000, Size: 0x000067d8, Max: 0x00010000, ABSOLUTE)

    Execution Region ER_IROM1 (Base: 0x08000000, Size: 0x00006738, Max: 0x00010000, ABSOLUTE)

    Base Addr    Size         Type   Attr      Idx    E Section Name        Object

    0x08000000   0x000000ec   Data   RO            3    RESET               startup_stm32f10x_md.o
    0x080000ec   0x00000008   Code   RO         4652  * !!!main             c_w.l(__main.o)
    0x080000f4   0x00000034   Code   RO         5063    !!!scatter          c_w.l(__scatter.o)
    0x08000128   0x0000001a   Code   RO         5065    !!handler_copy      c_w.l(__scatter_copy.o)
    0x08000142   0x00000002   PAD
    0x08000144   0x0000001c   Code   RO         5067    !!handler_zi        c_w.l(__scatter_zi.o)
    0x08000160   0x00000000   Code   RO         4808    .ARM.Collect$$_printf_percent$$00000000  c_w.l(_printf_percent.o)
    0x08000160   0x00000006   Code   RO         4797    .ARM.Collect$$_printf_percent$$00000001  c_w.l(_printf_n.o)
    0x08000166   0x00000006   Code   RO         4799    .ARM.Collect$$_printf_percent$$00000002  c_w.l(_printf_p.o)
    0x0800016c   0x00000006   Code   RO         4804    .ARM.Collect$$_printf_percent$$00000003  c_w.l(_printf_f.o)
    0x08000172   0x00000006   Code   RO         4805    .ARM.Collect$$_printf_percent$$00000004  c_w.l(_printf_e.o)
    0x08000178   0x00000006   Code   RO         4806    .ARM.Collect$$_printf_percent$$00000005  c_w.l(_printf_g.o)
    0x0800017e   0x00000006   Code   RO         4807    .ARM.Collect$$_printf_percent$$00000006  c_w.l(_printf_a.o)
    0x08000184   0x0000000a   Code   RO         4812    .ARM.Collect$$_printf_percent$$00000007  c_w.l(_printf_ll.o)
    0x0800018e   0x00000006   Code   RO         4801    .ARM.Collect$$_printf_percent$$00000008  c_w.l(_printf_i.o)
    0x08000194   0x00000006   Code   RO         4802    .ARM.Collect$$_printf_percent$$00000009  c_w.l(_printf_d.o)
    0x0800019a   0x00000006   Code   RO         4803    .ARM.Collect$$_printf_percent$$0000000A  c_w.l(_printf_u.o)
    0x080001a0   0x00000006   Code   RO         4800    .ARM.Collect$$_printf_percent$$0000000B  c_w.l(_printf_o.o)
    0x080001a6   0x00000006   Code   RO         4798    .ARM.Collect$$_printf_percent$$0000000C  c_w.l(_printf_x.o)
    0x080001ac   0x00000006   Code   RO         4809    .ARM.Collect$$_printf_percent$$0000000D  c_w.l(_printf_lli.o)
    0x080001b2   0x00000006   Code   RO         4810    .ARM.Collect$$_printf_percent$$0000000E  c_w.l(_printf_lld.o)
    0x080001b8   0x00000006   Code   RO         4811    .ARM.Collect$$_printf_percent$$0000000F  c_w.l(_printf_llu.o)
    0x080001be   0x00000006   Code   RO         4816    .ARM.Collect$$_printf_percent$$00000010  c_w.l(_printf_llo.o)
    0x080001c4   0x00000006   Code   RO         4817    .ARM.Collect$$_printf_percent$$00000011  c_w.l(_printf_llx.o)
    0x080001ca   0x0000000a   Code   RO         4813    .ARM.Collect$$_printf_percent$$00000012  c_w.l(_printf_l.o)
    0x080001d4   0x00000006   Code   RO         4795    .ARM.Collect$$_printf_percent$$00000013  c_w.l(_printf_c.o)
    0x080001da   0x00000006   Code   RO         4796    .ARM.Collect$$_printf_percent$$00000014  c_w.l(_printf_s.o)
    0x080001e0   0x00000006   Code   RO         4814    .ARM.Collect$$_printf_percent$$00000015  c_w.l(_printf_lc.o)
    0x080001e6   0x00000006   Code   RO         4815    .ARM.Collect$$_printf_percent$$00000016  c_w.l(_printf_ls.o)
    0x080001ec   0x00000004   Code   RO         4878    .ARM.Collect$$_printf_percent$$00000017  c_w.l(_printf_percent_end.o)
    0x080001f0   0x00000002   Code   RO         4930    .ARM.Collect$$libinit$$00000000  c_w.l(libinit.o)
    0x080001f2   0x00000000   Code   RO         4943    .ARM.Collect$$libinit$$00000002  c_w.l(libinit2.o)
    0x080001f2   0x00000000   Code   RO         4946    .ARM.Collect$$libinit$$00000008  c_w.l(libinit2.o)
    0x080001f2   0x00000000   Code   RO         4948    .ARM.Collect$$libinit$$0000000A  c_w.l(libinit2.o)
    0x080001f2   0x00000000   Code   RO         4950    .ARM.Collect$$libinit$$0000000C  c_w.l(libinit2.o)
    0x080001f2   0x00000006   Code   RO         4951    .ARM.Collect$$libinit$$0000000D  c_w.l(libinit2.o)
    0x080001f8   0x00000000   Code   RO         4953    .ARM.Collect$$libinit$$0000000F  c_w.l(libinit2.o)
    0x080001f8   0x0000000c   Code   RO         4954    .ARM.Collect$$libinit$$00000010  c_w.l(libinit2.o)
    0x08000204   0x00000000   Code   RO         4955    .ARM.Collect$$libinit$$00000011  c_w.l(libinit2.o)
    0x08000204   0x00000000   Code   RO         4957    .ARM.Collect$$libinit$$00000013  c_w.l(libinit2.o)
    0x08000204   0x0000000a   Code   RO         4958    .ARM.Collect$$libinit$$00000014  c_w.l(libinit2.o)
    0x0800020e   0x00000000   Code   RO         4959    .ARM.Collect$$libinit$$00000015  c_w.l(libinit2.o)
    0x0800020e   0x00000000   Code   RO         4961    .ARM.Collect$$libinit$$00000017  c_w.l(libinit2.o)
    0x0800020e   0x00000000   Code   RO         4963    .ARM.Collect$$libinit$$00000019  c_w.l(libinit2.o)
    0x0800020e   0x00000000   Code   RO         4965    .ARM.Collect$$libinit$$0000001B  c_w.l(libinit2.o)
    0x0800020e   0x00000000   Code   RO         4967    .ARM.Collect$$libinit$$0000001D  c_w.l(libinit2.o)
    0x0800020e   0x00000000   Code   RO         4969    .ARM.Collect$$libinit$$0000001F  c_w.l(libinit2.o)
    0x0800020e   0x00000000   Code   RO         4971    .ARM.Collect$$libinit$$00000021  c_w.l(libinit2.o)
    0x0800020e   0x00000000   Code   RO         4973    .ARM.Collect$$libinit$$00000023  c_w.l(libinit2.o)
    0x0800020e   0x00000000   Code   RO         4977    .ARM.Collect$$libinit$$0000002A  c_w.l(libinit2.o)
    0x0800020e   0x00000000   Code   RO         4979    .ARM.Collect$$libinit$$0000002C  c_w.l(libinit2.o)
    0x0800020e   0x00000000   Code   RO         4981    .ARM.Collect$$libinit$$0000002E  c_w.l(libinit2.o)
    0x0800020e   0x00000000   Code   RO         4983    .ARM.Collect$$libinit$$00000030  c_w.l(libinit2.o)
    0x0800020e   0x00000002   Code   RO         4984    .ARM.Collect$$libinit$$00000031  c_w.l(libinit2.o)
    0x08000210   0x00000002   Code   RO         5004    .ARM.Collect$$libshutdown$$00000000  c_w.l(libshutdown.o)
    0x08000212   0x00000000   Code   RO         5018    .ARM.Collect$$libshutdown$$00000003  c_w.l(libshutdown2.o)
    0x08000212   0x00000000   Code   RO         5021    .ARM.Collect$$libshutdown$$00000006  c_w.l(libshutdown2.o)
    0x08000212   0x00000000   Code   RO         5024    .ARM.Collect$$libshutdown$$00000009  c_w.l(libshutdown2.o)
    0x08000212   0x00000000   Code   RO         5026    .ARM.Collect$$libshutdown$$0000000B  c_w.l(libshutdown2.o)
    0x08000212   0x00000000   Code   RO         5029    .ARM.Collect$$libshutdown$$0000000E  c_w.l(libshutdown2.o)
    0x08000212   0x00000002   Code   RO         5030    .ARM.Collect$$libshutdown$$0000000F  c_w.l(libshutdown2.o)
    0x08000214   0x00000000   Code   RO         4722    .ARM.Collect$$rtentry$$00000000  c_w.l(rtentry.o)
    0x08000214   0x00000000   Code   RO         4844    .ARM.Collect$$rtentry$$00000002  c_w.l(rtentry2.o)
    0x08000214   0x00000006   Code   RO         4856    .ARM.Collect$$rtentry$$00000004  c_w.l(rtentry4.o)
    0x0800021a   0x00000000   Code   RO         4846    .ARM.Collect$$rtentry$$00000009  c_w.l(rtentry2.o)
    0x0800021a   0x00000004   Code   RO         4847    .ARM.Collect$$rtentry$$0000000A  c_w.l(rtentry2.o)
    0x0800021e   0x00000000   Code   RO         4849    .ARM.Collect$$rtentry$$0000000C  c_w.l(rtentry2.o)
    0x0800021e   0x00000008   Code   RO         4850    .ARM.Collect$$rtentry$$0000000D  c_w.l(rtentry2.o)
    0x08000226   0x00000002   Code   RO         4935    .ARM.Collect$$rtexit$$00000000  c_w.l(rtexit.o)
    0x08000228   0x00000000   Code   RO         4986    .ARM.Collect$$rtexit$$00000002  c_w.l(rtexit2.o)
    0x08000228   0x00000004   Code   RO         4987    .ARM.Collect$$rtexit$$00000003  c_w.l(rtexit2.o)
    0x0800022c   0x00000006   Code   RO         4988    .ARM.Collect$$rtexit$$00000004  c_w.l(rtexit2.o)
    0x08000232   0x00000002   PAD
    0x08000234   0x00000096   Code   RO         4569    .emb_text           port.o
    0x080002ca   0x00000002   PAD
    0x080002cc   0x00000040   Code   RO            4    .text               startup_stm32f10x_md.o
    0x0800030c   0x00000034   Code   RO         4642    .text               c_w.l(vsnprintf.o)
    0x08000340   0x0000004e   Code   RO         4648    .text               c_w.l(rt_memclr_w.o)
    0x0800038e   0x00000006   Code   RO         4650    .text               c_w.l(heapauxi.o)
    0x08000394   0x00000016   Code   RO         4723    .text               c_w.l(_rserrno.o)
    0x080003aa   0x0000004e   Code   RO         4727    .text               c_w.l(_printf_pad.o)
    0x080003f8   0x00000024   Code   RO         4729    .text               c_w.l(_printf_truncate.o)
    0x0800041c   0x00000052   Code   RO         4731    .text               c_w.l(_printf_str.o)
    0x0800046e   0x00000002   PAD
    0x08000470   0x00000074   Code   RO         4733    .text               c_w.l(_printf_dec.o)
    0x080004e4   0x00000028   Code   RO         4735    .text               c_w.l(_printf_charcount.o)
    0x0800050c   0x00000030   Code   RO         4737    .text               c_w.l(_printf_char_common.o)
    0x0800053c   0x0000000a   Code   RO         4739    .text               c_w.l(_sputc.o)
    0x08000546   0x00000010   Code   RO         4741    .text               c_w.l(_snputc.o)
    0x08000556   0x00000002   PAD
    0x08000558   0x000000bc   Code   RO         4743    .text               c_w.l(_printf_wctomb.o)
    0x08000614   0x00000078   Code   RO         4746    .text               c_w.l(_printf_longlong_dec.o)
    0x0800068c   0x00000070   Code   RO         4752    .text               c_w.l(_printf_oct_int_ll.o)
    0x080006fc   0x00000094   Code   RO         4772    .text               c_w.l(_printf_hex_int_ll_ptr.o)
    0x08000790   0x00000188   Code   RO         4792    .text               c_w.l(__printf_flags_ss_wp.o)
    0x08000918   0x00000008   Code   RO         4861    .text               c_w.l(rt_errno_addr_intlibspace.o)
    0x08000920   0x0000008a   Code   RO         4863    .text               c_w.l(lludiv10.o)
    0x080009aa   0x000000b2   Code   RO         4865    .text               c_w.l(_printf_intcommon.o)
    0x08000a5c   0x00000416   Code   RO         4867    .text               c_w.l(_printf_fp_dec.o)
    0x08000e72   0x00000002   PAD
    0x08000e74   0x000002f8   Code   RO         4869    .text               c_w.l(_printf_fp_hex.o)
    0x0800116c   0x0000002c   Code   RO         4874    .text               c_w.l(_printf_char.o)
    0x08001198   0x0000002c   Code   RO         4876    .text               c_w.l(_printf_wchar.o)
    0x080011c4   0x00000040   Code   RO         4879    .text               c_w.l(_wcrtomb.o)
    0x08001204   0x00000008   Code   RO         4881    .text               c_w.l(libspace.o)
    0x0800120c   0x0000004a   Code   RO         4884    .text               c_w.l(sys_stackheap_outer.o)
    0x08001256   0x00000002   PAD
    0x08001258   0x00000010   Code   RO         4886    .text               c_w.l(rt_ctype_table.o)
    0x08001268   0x00000008   Code   RO         4891    .text               c_w.l(rt_locale_intlibspace.o)
    0x08001270   0x00000080   Code   RO         4893    .text               c_w.l(_printf_fp_infnan.o)
    0x080012f0   0x000000d8   Code   RO         4895    .text               c_w.l(bigflt0.o)
    0x080013c8   0x0000000c   Code   RO         4923    .text               c_w.l(exit.o)
    0x080013d4   0x00000080   Code   RO         4940    .text               c_w.l(strcmpv7m.o)
    0x08001454   0x0000000c   Code   RO         4996    .text               c_w.l(sys_exit.o)
    0x08001460   0x00000002   Code   RO         5007    .text               c_w.l(use_no_semi.o)
    0x08001462   0x00000000   Code   RO         5009    .text               c_w.l(indicate_semi.o)
    0x08001462   0x0000003e   Code   RO         4898    CL$$btod_d2e        c_w.l(btod.o)
    0x080014a0   0x00000046   Code   RO         4900    CL$$btod_d2e_denorm_low  c_w.l(btod.o)
    0x080014e6   0x00000060   Code   RO         4899    CL$$btod_d2e_norm_op1  c_w.l(btod.o)
    0x08001546   0x00000338   Code   RO         4908    CL$$btod_div_common  c_w.l(btod.o)
    0x0800187e   0x000000c6   Code   RO         4905    CL$$btod_e2e        c_w.l(btod.o)
    0x08001944   0x00000028   Code   RO         4902    CL$$btod_ediv       c_w.l(btod.o)
    0x0800196c   0x00000028   Code   RO         4901    CL$$btod_emul       c_w.l(btod.o)
    0x08001994   0x00000244   Code   RO         4907    CL$$btod_mult_common  c_w.l(btod.o)
    0x08001bd8   0x000000ac   Code   RO         3290    i.AppTaskCreate     main.o
    0x08001c84   0x00000004   Code   RO         3389    i.BusFault_Handler  stm32f10x_it.o
    0x08001c88   0x00000002   Code   RO         3390    i.DebugMon_Handler  stm32f10x_it.o
    0x08001c8a   0x0000004c   Code   RO         3434    i.EE                algorithm.o
    0x08001cd6   0x00000002   PAD
    0x08001cd8   0x0000018c   Code   RO         3435    i.FFT               algorithm.o
    0x08001e64   0x00000116   Code   RO         1347    i.GPIO_Init         stm32f10x_gpio.o
    0x08001f7a   0x00000012   Code   RO         1351    i.GPIO_ReadInputDataBit  stm32f10x_gpio.o
    0x08001f8c   0x00000004   Code   RO         1354    i.GPIO_ResetBits    stm32f10x_gpio.o
    0x08001f90   0x00000004   Code   RO         1355    i.GPIO_SetBits      stm32f10x_gpio.o
    0x08001f94   0x0000000a   Code   RO         1358    i.GPIO_WriteBit     stm32f10x_gpio.o
    0x08001f9e   0x00000004   Code   RO         3391    i.HardFault_Handler  stm32f10x_it.o
    0x08001fa2   0x00000002   PAD
    0x08001fa4   0x00000060   Code   RO         3685    i.I2C_Ack           xiic.o
    0x08002004   0x00000010   Code   RO         3686    i.IIC_Delay         xiic.o
    0x08002014   0x00000038   Code   RO         3687    i.IIC_GPIO_INIT     xiic.o
    0x0800204c   0x00000084   Code   RO         3688    i.IIC_Read_Array    xiic.o
    0x080020d0   0x00000060   Code   RO         3689    i.IIC_Read_Byte     xiic.o
    0x08002130   0x00000044   Code   RO         3690    i.IIC_Receive_Byte  xiic.o
    0x08002174   0x00000090   Code   RO         3691    i.IIC_Send_Byte     xiic.o
    0x08002204   0x00000034   Code   RO         3692    i.IIC_Start         xiic.o
    0x08002238   0x00000028   Code   RO         3693    i.IIC_Stop          xiic.o
    0x08002260   0x00000050   Code   RO         3695    i.IIC_Write_Byte    xiic.o
    0x080022b0   0x00000072   Code   RO         3505    i.MAX30102_Config   max30102.o
    0x08002322   0x00000002   PAD
    0x08002324   0x00000024   Code   RO         3506    i.MAX30102_GPIO     max30102.o
    0x08002348   0x00000016   Code   RO         3507    i.Max30102_reset    max30102.o
    0x0800235e   0x00000004   Code   RO         3392    i.MemManage_Handler  stm32f10x_it.o
    0x08002362   0x00000002   Code   RO         3393    i.NMI_Handler       stm32f10x_it.o
    0x08002364   0x00000070   Code   RO          137    i.NVIC_Init         misc.o
    0x080023d4   0x0000002a   Code   RO         3541    i.OLED_Clear        oled.o
    0x080023fe   0x00000002   PAD
    0x08002400   0x00000050   Code   RO         3542    i.OLED_I2C_Init     oled.o
    0x08002450   0x00000054   Code   RO         3543    i.OLED_I2C_SendByte  oled.o
    0x080024a4   0x00000034   Code   RO         3544    i.OLED_I2C_Start    oled.o
    0x080024d8   0x00000028   Code   RO         3545    i.OLED_I2C_Stop     oled.o
    0x08002500   0x000000ae   Code   RO         3546    i.OLED_Init         oled.o
    0x080025ae   0x00000014   Code   RO         3547    i.OLED_Pow          oled.o
    0x080025c2   0x00000022   Code   RO         3548    i.OLED_SetCursor    oled.o
    0x080025e4   0x00000074   Code   RO         3550    i.OLED_ShowChar     oled.o
    0x08002658   0x00000044   Code   RO         3552    i.OLED_ShowNum      oled.o
    0x0800269c   0x00000028   Code   RO         3554    i.OLED_ShowString   oled.o
    0x080026c4   0x00000020   Code   RO         3555    i.OLED_WriteCommand  oled.o
    0x080026e4   0x00000020   Code   RO         3556    i.OLED_WriteData    oled.o
    0x08002704   0x00000020   Code   RO         1775    i.RCC_APB1PeriphClockCmd  stm32f10x_rcc.o
    0x08002724   0x00000020   Code   RO         1777    i.RCC_APB2PeriphClockCmd  stm32f10x_rcc.o
    0x08002744   0x000000d4   Code   RO         1785    i.RCC_GetClocksFreq  stm32f10x_rcc.o
    0x08002818   0x00000008   Code   RO           24    i.SetSysClock       system_stm32f10x.o
    0x08002820   0x000000e0   Code   RO           25    i.SetSysClockTo72   system_stm32f10x.o
    0x08002900   0x00000034   Code   RO         4570    i.SysTick_Handler   port.o
    0x08002934   0x00000060   Code   RO           27    i.SystemInit        system_stm32f10x.o
    0x08002994   0x0000001c   Code   RO         3238    i.USART1_IRQHandler  usart.o
    0x080029b0   0x00000012   Code   RO         2956    i.USART_ClearFlag   stm32f10x_usart.o
    0x080029c2   0x00000018   Code   RO         2960    i.USART_Cmd         stm32f10x_usart.o
    0x080029da   0x0000001a   Code   RO         2963    i.USART_GetFlagStatus  stm32f10x_usart.o
    0x080029f4   0x00000054   Code   RO         2964    i.USART_GetITStatus  stm32f10x_usart.o
    0x08002a48   0x0000004a   Code   RO         2966    i.USART_ITConfig    stm32f10x_usart.o
    0x08002a92   0x00000002   PAD
    0x08002a94   0x000000d8   Code   RO         2967    i.USART_Init        stm32f10x_usart.o
    0x08002b6c   0x00000008   Code   RO         2977    i.USART_SendData    stm32f10x_usart.o
    0x08002b74   0x00000004   Code   RO         3394    i.UsageFault_Handler  stm32f10x_it.o
    0x08002b78   0x000000b0   Code   RO         3239    i.Usart1_Init       usart.o
    0x08002c28   0x000000ac   Code   RO         3240    i.Usart2_Init       usart.o
    0x08002cd4   0x00000048   Code   RO         3241    i.UsartPrintf       usart.o
    0x08002d1c   0x00000028   Code   RO         3436    i.XCos              algorithm.o
    0x08002d44   0x00000210   Code   RO         3437    i.XSin              algorithm.o
    0x08002f54   0x00000028   Code   RO         4933    i.__ARM_fpclassify  m_ws.l(fpclassify.o)
    0x08002f7c   0x0000000e   Code   RO         4785    i._is_digit         c_w.l(__printf_wp.o)
    0x08002f8a   0x00000002   PAD
    0x08002f8c   0x000000b0   Code   RO         3649    i.blood_Loop        blood.o
    0x0800303c   0x000004c0   Code   RO         3650    i.blood_data_translate  blood.o
    0x080034fc   0x00000094   Code   RO         3651    i.blood_data_update  blood.o
    0x08003590   0x00000002   Code   RO         3291    i.buzzer_Task       main.o
    0x08003592   0x00000002   PAD
    0x08003594   0x00000140   Code   RO         3292    i.esp8266_Task      main.o
    0x080036d4   0x00000032   Code   RO         3440    i.find_max_num_index  algorithm.o
    0x08003706   0x00000002   PAD
    0x08003708   0x00000048   Code   RO         3293    i.main              main.o
    0x08003750   0x00000064   Code   RO         3294    i.max30102_Task     main.o
    0x080037b4   0x000000cc   Code   RO         3508    i.max30102_read_fifo  max30102.o
    0x08003880   0x0000004c   Code   RO         3441    i.my_floor          algorithm.o
    0x080038cc   0x00000098   Code   RO         3442    i.my_fmod           algorithm.o
    0x08003964   0x000000c4   Code   RO         4192    i.prvAddCurrentTaskToDelayedList  tasks.o
    0x08003a28   0x000000f0   Code   RO         4193    i.prvAddNewTaskToReadyList  tasks.o
    0x08003b18   0x00000048   Code   RO         4194    i.prvCheckTasksWaitingTermination  tasks.o
    0x08003b60   0x00000068   Code   RO         4195    i.prvCreateIdleTasks  tasks.o
    0x08003bc8   0x0000005a   Code   RO         4196    i.prvCreateTask     tasks.o
    0x08003c22   0x00000012   Code   RO         4197    i.prvDeleteTCB      tasks.o
    0x08003c34   0x0000006c   Code   RO         4508    i.prvHeapInit       heap_4.o
    0x08003ca0   0x00000028   Code   RO         4198    i.prvIdleTask       tasks.o
    0x08003cc8   0x0000007a   Code   RO         4199    i.prvInitialiseNewTask  tasks.o
    0x08003d42   0x00000002   PAD
    0x08003d44   0x00000068   Code   RO         4200    i.prvInitialiseTaskLists  tasks.o
    0x08003dac   0x00000068   Code   RO         4509    i.prvInsertBlockIntoFreeList  heap_4.o
    0x08003e14   0x00000030   Code   RO         4201    i.prvResetNextTaskUnblockTime  tasks.o
    0x08003e44   0x00000016   Code   RO         4571    i.prvTaskExitError  port.o
    0x08003e5a   0x00000002   PAD
    0x08003e5c   0x00000100   Code   RO         4511    i.pvPortMalloc      heap_4.o
    0x08003f5c   0x00000024   Code   RO         4572    i.pxPortInitialiseStack  port.o
    0x08003f80   0x0000002c   Code   RO         4715    i.sqrtf             m_ws.l(sqrtf.o)
    0x08003fac   0x00000028   Code   RO         3864    i.uxListRemove      list.o
    0x08003fd4   0x0000001a   Code   RO         3865    i.vListInitialise   list.o
    0x08003fee   0x00000006   Code   RO         3866    i.vListInitialiseItem  list.o
    0x08003ff4   0x00000034   Code   RO         3867    i.vListInsert       list.o
    0x08004028   0x00000018   Code   RO         3868    i.vListInsertEnd    list.o
    0x08004040   0x00000024   Code   RO         4574    i.vPortEnterCritical  port.o
    0x08004064   0x00000020   Code   RO         4575    i.vPortExitCritical  port.o
    0x08004084   0x0000004c   Code   RO         4512    i.vPortFree         heap_4.o
    0x080040d0   0x00000018   Code   RO         4576    i.vPortSetupTimerInterrupt  port.o
    0x080040e8   0x00000034   Code   RO         4209    i.vTaskDelay        tasks.o
    0x0800411c   0x000000e0   Code   RO         4210    i.vTaskDelete       tasks.o
    0x080041fc   0x0000004c   Code   RO         4221    i.vTaskStartScheduler  tasks.o
    0x08004248   0x00000010   Code   RO         4223    i.vTaskSuspendAll   tasks.o
    0x08004258   0x00000064   Code   RO         4224    i.vTaskSwitchContext  tasks.o
    0x080042bc   0x00000034   Code   RO         4577    i.xPortStartScheduler  port.o
    0x080042f0   0x00000038   Code   RO         4227    i.xTaskCreate       tasks.o
    0x08004328   0x000001a0   Code   RO         4236    i.xTaskIncrementTick  tasks.o
    0x080044c8   0x0000017c   Code   RO         4238    i.xTaskResumeAll    tasks.o
    0x08004644   0x0000002c   Code   RO         4921    locale$$code        c_w.l(lc_numeric_c.o)
    0x08004670   0x0000002c   Code   RO         4938    locale$$code        c_w.l(lc_ctype_c.o)
    0x0800469c   0x00000062   Code   RO         4654    x$fpl$d2f           fz_ws.l(d2f.o)
    0x080046fe   0x00000002   PAD
    0x08004700   0x00000150   Code   RO         4656    x$fpl$dadd          fz_ws.l(daddsub_clz.o)
    0x08004850   0x00000018   Code   RO         4820    x$fpl$dcmpinf       fz_ws.l(dcmpi.o)
    0x08004868   0x000002b0   Code   RO         4663    x$fpl$ddiv          fz_ws.l(ddiv.o)
    0x08004b18   0x00000078   Code   RO         4666    x$fpl$deqf          fz_ws.l(deqf.o)
    0x08004b90   0x0000005e   Code   RO         4668    x$fpl$dfix          fz_ws.l(dfix.o)
    0x08004bee   0x0000002e   Code   RO         4673    x$fpl$dflt          fz_ws.l(dflt_clz.o)
    0x08004c1c   0x00000078   Code   RO         4678    x$fpl$dleqf         fz_ws.l(dleqf.o)
    0x08004c94   0x00000154   Code   RO         4680    x$fpl$dmul          fz_ws.l(dmul.o)
    0x08004de8   0x0000009c   Code   RO         4822    x$fpl$dnaninf       fz_ws.l(dnaninf.o)
    0x08004e84   0x0000000c   Code   RO         4824    x$fpl$dretinf       fz_ws.l(dretinf.o)
    0x08004e90   0x0000006c   Code   RO         4682    x$fpl$drleqf        fz_ws.l(drleqf.o)
    0x08004efc   0x00000016   Code   RO         4657    x$fpl$drsb          fz_ws.l(daddsub_clz.o)
    0x08004f12   0x00000002   PAD
    0x08004f14   0x000001d4   Code   RO         4658    x$fpl$dsub          fz_ws.l(daddsub_clz.o)
    0x080050e8   0x00000056   Code   RO         4684    x$fpl$f2d           fz_ws.l(f2d.o)
    0x0800513e   0x00000002   PAD
    0x08005140   0x000000c4   Code   RO         4686    x$fpl$fadd          fz_ws.l(faddsub_clz.o)
    0x08005204   0x00000018   Code   RO         4826    x$fpl$fcmpinf       fz_ws.l(fcmpi.o)
    0x0800521c   0x00000184   Code   RO         4693    x$fpl$fdiv          fz_ws.l(fdiv.o)
    0x080053a0   0x00000036   Code   RO         4696    x$fpl$ffix          fz_ws.l(ffix.o)
    0x080053d6   0x00000002   PAD
    0x080053d8   0x0000003e   Code   RO         4700    x$fpl$ffixu         fz_ws.l(ffixu.o)
    0x08005416   0x00000002   PAD
    0x08005418   0x00000030   Code   RO         4705    x$fpl$fflt          fz_ws.l(fflt_clz.o)
    0x08005448   0x00000026   Code   RO         4704    x$fpl$ffltu         fz_ws.l(fflt_clz.o)
    0x0800546e   0x00000002   PAD
    0x08005470   0x00000068   Code   RO         4710    x$fpl$fleqf         fz_ws.l(fleqf.o)
    0x080054d8   0x00000102   Code   RO         4712    x$fpl$fmul          fz_ws.l(fmul.o)
    0x080055da   0x0000008c   Code   RO         4828    x$fpl$fnaninf       fz_ws.l(fnaninf.o)
    0x08005666   0x0000000a   Code   RO         4830    x$fpl$fretinf       fz_ws.l(fretinf.o)
    0x08005670   0x00000110   Code   RO         4832    x$fpl$fsqrt         fz_ws.l(fsqrt.o)
    0x08005780   0x000000ea   Code   RO         4688    x$fpl$fsub          fz_ws.l(faddsub_clz.o)
    0x0800586a   0x00000004   Code   RO         4834    x$fpl$printf1       fz_ws.l(printf1.o)
    0x0800586e   0x00000004   Code   RO         4836    x$fpl$printf2       fz_ws.l(printf2.o)
    0x08005872   0x00000000   Code   RO         4842    x$fpl$usenofp       fz_ws.l(usenofp.o)
    0x08005872   0x00000006   PAD
    0x08005878   0x00000328   Data   RO         3444    .constdata          algorithm.o
    0x08005ba0   0x000005f0   Data   RO         3557    .constdata          oled.o
    0x08006190   0x00000008   Data   RO         4744    .constdata          c_w.l(_printf_wctomb.o)
    0x08006198   0x00000028   Data   RO         4773    .constdata          c_w.l(_printf_hex_int_ll_ptr.o)
    0x080061c0   0x00000011   Data   RO         4793    .constdata          c_w.l(__printf_flags_ss_wp.o)
    0x080061d1   0x00000026   Data   RO         4870    .constdata          c_w.l(_printf_fp_hex.o)
    0x080061f7   0x00000001   PAD
    0x080061f8   0x00000094   Data   RO         4896    .constdata          c_w.l(bigflt0.o)
    0x0800628c   0x0000014e   Data   RO         3295    .conststring        main.o
    0x080063da   0x00000002   PAD
    0x080063dc   0x0000020f   Data   RO         3653    .conststring        blood.o
    0x080065eb   0x00000001   PAD
    0x080065ec   0x00000020   Data   RO         5061    Region$$Table       anon$$obj.o
    0x0800660c   0x0000001c   Data   RO         4920    locale$$data        c_w.l(lc_numeric_c.o)
    0x08006628   0x00000110   Data   RO         4937    locale$$data        c_w.l(lc_ctype_c.o)


    Execution Region RW_IRAM1 (Base: 0x20000000, Size: 0x000048c8, Max: 0x00005000, ABSOLUTE)

    Base Addr    Size         Type   Attr      Idx    E Section Name        Object

    0x20000000   0x00000014   Data   RW         1805    .data               stm32f10x_rcc.o
    0x20000014   0x00000010   Data   RW         3296    .data               main.o
    0x20000024   0x00000004   Data   RW         3509    .data               max30102.o
    0x20000028   0x00000014   Data   RW         3654    .data               blood.o
    0x2000003c   0x00000001   Data   RW         3696    .data               xiic.o
    0x2000003d   0x00000003   PAD
    0x20000040   0x00000040   Data   RW         4241    .data               tasks.o
    0x20000080   0x0000001c   Data   RW         4518    .data               heap_4.o
    0x2000009c   0x00000004   Data   RW         4578    .data               port.o
    0x200000a0   0x00002100   Zero   RW         3652    .bss                blood.o
    0x200021a0   0x000000c8   Zero   RW         4240    .bss                tasks.o
    0x20002268   0x00002000   Zero   RW         4517    .bss                heap_4.o
    0x20004268   0x00000060   Zero   RW         4882    .bss                c_w.l(libspace.o)
    0x200042c8   0x00000200   Zero   RW            2    HEAP                startup_stm32f10x_md.o
    0x200044c8   0x00000400   Zero   RW            1    STACK               startup_stm32f10x_md.o


==============================================================================

Image component sizes


      Code (inc. data)   RO Data    RW Data    ZI Data      Debug   Object Name

      1318         60        808          0          0       5539   algorithm.o
      1540        168        527         20       8448       3100   blood.o
         0          0          0          0          0       4264   core_cm3.o
         0          0          0          0          0       2408   event_groups.o
       544         58          0         28       8192       4411   heap_4.o
       148          0          0          0          0       2782   list.o
       666        284        334         16          0      17767   main.o
       376         12          0          4          0       2191   max30102.o
       112         12          0          0          0     204076   misc.o
       814         22       1520          0          0       6825   oled.o
       404         48          0          4          0       8288   port.o
        64         26        236          0       1536        776   startup_stm32f10x_md.o
         0          0          0          0          0       1608   stm32f10x_adc.o
       314          0          0          0          0      11972   stm32f10x_gpio.o
        20          0          0          0          0       2217   stm32f10x_it.o
       276         32          0         20          0      12686   stm32f10x_rcc.o
       450          6          0          0          0      11395   stm32f10x_usart.o
       328         28          0          0          0      24553   system_stm32f10x.o
      2354        302          0         64        200      27989   tasks.o
       448         24          0          0          0       3282   usart.o
       780         50          0          1          0       5588   xiic.o

    ----------------------------------------------------------------------
     10976       1132       3460        160      18376     363717   Object Totals
         0          0         32          0          0          0   (incl. Generated)
        20          0          3          3          0          0   (incl. Padding)

    ----------------------------------------------------------------------

      Code (inc. data)   RO Data    RW Data    ZI Data      Debug   Library Member Name

         8          0          0          0          0         68   __main.o
       392          4         17          0          0         92   __printf_flags_ss_wp.o
        14          0          0          0          0         68   __printf_wp.o
        52          8          0          0          0          0   __scatter.o
        26          0          0          0          0          0   __scatter_copy.o
        28          0          0          0          0          0   __scatter_zi.o
         6          0          0          0          0          0   _printf_a.o
         6          0          0          0          0          0   _printf_c.o
        44          0          0          0          0        108   _printf_char.o
        48          6          0          0          0         96   _printf_char_common.o
        40          0          0          0          0         68   _printf_charcount.o
         6          0          0          0          0          0   _printf_d.o
       116         16          0          0          0         92   _printf_dec.o
         6          0          0          0          0          0   _printf_e.o
         6          0          0          0          0          0   _printf_f.o
      1046          0          0          0          0        216   _printf_fp_dec.o
       760         10         38          0          0        100   _printf_fp_hex.o
       128         16          0          0          0         84   _printf_fp_infnan.o
         6          0          0          0          0          0   _printf_g.o
       148          4         40          0          0        160   _printf_hex_int_ll_ptr.o
         6          0          0          0          0          0   _printf_i.o
       178          0          0          0          0         88   _printf_intcommon.o
        10          0          0          0          0          0   _printf_l.o
         6          0          0          0          0          0   _printf_lc.o
        10          0          0          0          0          0   _printf_ll.o
         6          0          0          0          0          0   _printf_lld.o
         6          0          0          0          0          0   _printf_lli.o
         6          0          0          0          0          0   _printf_llo.o
         6          0          0          0          0          0   _printf_llu.o
         6          0          0          0          0          0   _printf_llx.o
       120         16          0          0          0         92   _printf_longlong_dec.o
         6          0          0          0          0          0   _printf_ls.o
         6          0          0          0          0          0   _printf_n.o
         6          0          0          0          0          0   _printf_o.o
       112          8          0          0          0        124   _printf_oct_int_ll.o
         6          0          0          0          0          0   _printf_p.o
        78          0          0          0          0        108   _printf_pad.o
         0          0          0          0          0          0   _printf_percent.o
         4          0          0          0          0          0   _printf_percent_end.o
         6          0          0          0          0          0   _printf_s.o
        82          0          0          0          0         80   _printf_str.o
        36          0          0          0          0         84   _printf_truncate.o
         6          0          0          0          0          0   _printf_u.o
        44          0          0          0          0        108   _printf_wchar.o
       188          6          8          0          0         92   _printf_wctomb.o
         6          0          0          0          0          0   _printf_x.o
        22          0          0          0          0        100   _rserrno.o
        16          0          0          0          0         68   _snputc.o
        10          0          0          0          0         68   _sputc.o
        64          0          0          0          0         92   _wcrtomb.o
       216          4        148          0          0         96   bigflt0.o
      1910        128          0          0          0        672   btod.o
        12          0          0          0          0         72   exit.o
         6          0          0          0          0        152   heapauxi.o
         0          0          0          0          0          0   indicate_semi.o
        44         10        272          0          0         76   lc_ctype_c.o
        44         10         28          0          0         76   lc_numeric_c.o
         2          0          0          0          0          0   libinit.o
        30          0          0          0          0          0   libinit2.o
         2          0          0          0          0          0   libshutdown.o
         2          0          0          0          0          0   libshutdown2.o
         8          4          0          0         96         68   libspace.o
       138          0          0          0          0         80   lludiv10.o
        16          4          0          0          0         76   rt_ctype_table.o
         8          4          0          0          0         68   rt_errno_addr_intlibspace.o
         8          4          0          0          0         68   rt_locale_intlibspace.o
        78          0          0          0          0         80   rt_memclr_w.o
         0          0          0          0          0          0   rtentry.o
        12          0          0          0          0          0   rtentry2.o
         6          0          0          0          0          0   rtentry4.o
         2          0          0          0          0          0   rtexit.o
        10          0          0          0          0          0   rtexit2.o
       128          0          0          0          0         68   strcmpv7m.o
        12          4          0          0          0         68   sys_exit.o
        74          0          0          0          0         80   sys_stackheap_outer.o
         2          0          0          0          0         68   use_no_semi.o
        52          4          0          0          0         80   vsnprintf.o
        98          4          0          0          0         92   d2f.o
       826         16          0          0          0        348   daddsub_clz.o
        24          0          0          0          0         68   dcmpi.o
       688        140          0          0          0        208   ddiv.o
       120          4          0          0          0         92   deqf.o
        94          4          0          0          0         92   dfix.o
        46          0          0          0          0         68   dflt_clz.o
       120          4          0          0          0         92   dleqf.o
       340         12          0          0          0        104   dmul.o
       156          4          0          0          0         92   dnaninf.o
        12          0          0          0          0         68   dretinf.o
       108          0          0          0          0         80   drleqf.o
        86          4          0          0          0         84   f2d.o
       430          8          0          0          0        168   faddsub_clz.o
        24          0          0          0          0         68   fcmpi.o
       388         76          0          0          0         96   fdiv.o
        54          4          0          0          0         84   ffix.o
        62          4          0          0          0         84   ffixu.o
        86          0          0          0          0        136   fflt_clz.o
       104          4          0          0          0         84   fleqf.o
       258          4          0          0          0         84   fmul.o
       140          4          0          0          0         84   fnaninf.o
        10          0          0          0          0         68   fretinf.o
       272        100          0          0          0         88   fsqrt.o
         4          0          0          0          0         68   printf1.o
         4          0          0          0          0         68   printf2.o
         0          0          0          0          0          0   usenofp.o
        40          0          0          0          0         68   fpclassify.o
        44          0          0          0          0         80   sqrtf.o

    ----------------------------------------------------------------------
     11436        666        552          0         96       7020   Library Totals
        32          0          1          0          0          0   (incl. Padding)

    ----------------------------------------------------------------------

      Code (inc. data)   RO Data    RW Data    ZI Data      Debug   Library Name

      6766        270        551          0         96       4204   c_w.l
      4554        396          0          0          0       2668   fz_ws.l
        84          0          0          0          0        148   m_ws.l

    ----------------------------------------------------------------------
     11436        666        552          0         96       7020   Library Totals

    ----------------------------------------------------------------------

==============================================================================


      Code (inc. data)   RO Data    RW Data    ZI Data      Debug   

     22412       1798       4012        160      18472     361477   Grand Totals
     22412       1798       4012        160      18472     361477   ELF Image Totals
     22412       1798       4012        160          0          0   ROM Totals

==============================================================================

    Total RO  Size (Code + RO Data)                26424 (  25.80kB)
    Total RW  Size (RW Data + ZI Data)             18632 (  18.20kB)
    Total ROM Size (Code + RO Data + RW Data)      26584 (  25.96kB)

==============================================================================

